Archive member included to satisfy reference by file (symbol)

C:/MaximSDK/Libraries/PeriphDrivers/bin/MAX32665/spi-v1_softfp/libPeriphDriver_spi-v1_softfp.a(mxc_delay.o)
                              c:/Users/hakim/eclipse-workspace/interrupts/build/startup_max32665.o (SysTick_Handler)
C:/MaximSDK/Libraries/PeriphDrivers/bin/MAX32665/spi-v1_softfp/libPeriphDriver_spi-v1_softfp.a(nvic_table.o)
                              c:/Users/hakim/eclipse-workspace/interrupts/build/main.o (NVIC_SetRAM)
C:/MaximSDK/Libraries/PeriphDrivers/bin/MAX32665/spi-v1_softfp/libPeriphDriver_spi-v1_softfp.a(sys_me14.o)
                              c:/Users/hakim/eclipse-workspace/interrupts/build/system_max32665.o (MXC_SYS_ClockEnable)
C:/MaximSDK/Libraries/PeriphDrivers/bin/MAX32665/spi-v1_softfp/libPeriphDriver_spi-v1_softfp.a(flc_me14.o)
                              c:/Users/hakim/eclipse-workspace/interrupts/build/main.o (MXC_FLC_PageErase)
C:/MaximSDK/Libraries/PeriphDrivers/bin/MAX32665/spi-v1_softfp/libPeriphDriver_spi-v1_softfp.a(flc_reva.o)
                              C:/MaximSDK/Libraries/PeriphDrivers/bin/MAX32665/spi-v1_softfp/libPeriphDriver_spi-v1_softfp.a(flc_me14.o) (MXC_FLC_RevA_Busy)
C:/MaximSDK/Libraries/PeriphDrivers/bin/MAX32665/spi-v1_softfp/libPeriphDriver_spi-v1_softfp.a(gpio_me14.o)
                              c:/Users/hakim/eclipse-workspace/interrupts/build/pb.o (MXC_GPIO_InGet)
C:/MaximSDK/Libraries/PeriphDrivers/bin/MAX32665/spi-v1_softfp/libPeriphDriver_spi-v1_softfp.a(gpio_reva.o)
                              C:/MaximSDK/Libraries/PeriphDrivers/bin/MAX32665/spi-v1_softfp/libPeriphDriver_spi-v1_softfp.a(gpio_me14.o) (MXC_GPIO_RevA_InGet)
C:/MaximSDK/Libraries/PeriphDrivers/bin/MAX32665/spi-v1_softfp/libPeriphDriver_spi-v1_softfp.a(icc_me14.o)
                              c:/Users/hakim/eclipse-workspace/interrupts/build/main.o (MXC_ICC_Enable)
C:/MaximSDK/Libraries/PeriphDrivers/bin/MAX32665/spi-v1_softfp/libPeriphDriver_spi-v1_softfp.a(icc_reva.o)
                              C:/MaximSDK/Libraries/PeriphDrivers/bin/MAX32665/spi-v1_softfp/libPeriphDriver_spi-v1_softfp.a(icc_me14.o) (MXC_ICC_RevA_ID)
C:/MaximSDK/Libraries/PeriphDrivers/bin/MAX32665/spi-v1_softfp/libPeriphDriver_spi-v1_softfp.a(lp_me14.o)
                              c:/Users/hakim/eclipse-workspace/interrupts/build/main.o (MXC_LP_EnableGPIOWakeup)
C:/MaximSDK/Libraries/PeriphDrivers/bin/MAX32665/spi-v1_softfp/libPeriphDriver_spi-v1_softfp.a(rtc_me14.o)
                              c:/Users/hakim/eclipse-workspace/interrupts/build/main.o (MXC_RTC_Start)
C:/MaximSDK/Libraries/PeriphDrivers/bin/MAX32665/spi-v1_softfp/libPeriphDriver_spi-v1_softfp.a(rtc_reva.o)
                              C:/MaximSDK/Libraries/PeriphDrivers/bin/MAX32665/spi-v1_softfp/libPeriphDriver_spi-v1_softfp.a(rtc_me14.o) (MXC_RTC_RevA_GetBusyFlag)
C:/MaximSDK/Libraries/PeriphDrivers/bin/MAX32665/spi-v1_softfp/libPeriphDriver_spi-v1_softfp.a(simo_me14.o)
                              c:/Users/hakim/eclipse-workspace/interrupts/build/main.o (MXC_SIMO_SetVregO_B)
C:/MaximSDK/Libraries/PeriphDrivers/bin/MAX32665/spi-v1_softfp/libPeriphDriver_spi-v1_softfp.a(simo_reva.o)
                              C:/MaximSDK/Libraries/PeriphDrivers/bin/MAX32665/spi-v1_softfp/libPeriphDriver_spi-v1_softfp.a(simo_me14.o) (MXC_SIMO_RevA_SetVregO_A)
C:/MaximSDK/Libraries/PeriphDrivers/bin/MAX32665/spi-v1_softfp/libPeriphDriver_spi-v1_softfp.a(tmr_me14.o)
                              C:/MaximSDK/Libraries/PeriphDrivers/bin/MAX32665/spi-v1_softfp/libPeriphDriver_spi-v1_softfp.a(rtc_me14.o) (MXC_TMR_Init)
C:/MaximSDK/Libraries/PeriphDrivers/bin/MAX32665/spi-v1_softfp/libPeriphDriver_spi-v1_softfp.a(tmr_reva.o)
                              C:/MaximSDK/Libraries/PeriphDrivers/bin/MAX32665/spi-v1_softfp/libPeriphDriver_spi-v1_softfp.a(tmr_me14.o) (MXC_TMR_RevA_Init)
C:/MaximSDK/Libraries/PeriphDrivers/bin/MAX32665/spi-v1_softfp/libPeriphDriver_spi-v1_softfp.a(tpu_me14.o)
                              C:/MaximSDK/Libraries/PeriphDrivers/bin/MAX32665/spi-v1_softfp/libPeriphDriver_spi-v1_softfp.a(sys_me14.o) (MXC_TPU_Cipher_Config)
C:/MaximSDK/Libraries/PeriphDrivers/bin/MAX32665/spi-v1_softfp/libPeriphDriver_spi-v1_softfp.a(tpu_reva.o)
                              C:/MaximSDK/Libraries/PeriphDrivers/bin/MAX32665/spi-v1_softfp/libPeriphDriver_spi-v1_softfp.a(tpu_me14.o) (MXC_TPU_RevA_Reset)
C:/MaximSDK/Libraries/PeriphDrivers/bin/MAX32665/spi-v1_softfp/libPeriphDriver_spi-v1_softfp.a(uart_me14.o)
                              c:/Users/hakim/eclipse-workspace/interrupts/build/board.o (MXC_UART_Shutdown)
C:/MaximSDK/Libraries/PeriphDrivers/bin/MAX32665/spi-v1_softfp/libPeriphDriver_spi-v1_softfp.a(uart_reva.o)
                              C:/MaximSDK/Libraries/PeriphDrivers/bin/MAX32665/spi-v1_softfp/libPeriphDriver_spi-v1_softfp.a(uart_me14.o) (MXC_UART_RevA_Init)
C:/MaximSDK/Libraries/PeriphDrivers/bin/MAX32665/spi-v1_softfp/libPeriphDriver_spi-v1_softfp.a(pins_me14.o)
[...]
Memory Configuration

Name             Origin             Length             Attributes
SPIX             0x08000000         0x08000000         xr
FLASH            0x10000000         0x00100000         xr
PAL_NVM_DB       0x10100000         0x00000000         r
OTP              0x20000000         0x00000000         xrw
ARM_SHARED       0x20000000         0x00000000         xrw
SDMA_SHARED      0x20000000         0x00000000         xrw
SDMA_DATA        0x20000000         0x00000000         xrw
SDMA_CODE        0x20000000         0x00000000         xrw
SRAM             0x20000000         0x0008c000         xrw
SPID             0x80000000         0x20000000         rw
*default*        0x00000000         0xffffffff

Linker script and memory map

LOAD c:/maximsdk/tools/gnutools/10.3/bin/../lib/gcc/arm-none-eabi/10.3.1/thumb/v7e-m+fp/softfp/crti.o
LOAD c:/maximsdk/tools/gnutools/10.3/bin/../lib/gcc/arm-none-eabi/10.3.1/thumb/v7e-m+fp/softfp/crtbegin.o
LOAD c:/maximsdk/tools/gnutools/10.3/bin/../lib/gcc/arm-none-eabi/10.3.1/../../../../arm-none-eabi/lib/thumb/v7e-m+fp/softfp/crt0.o
LOAD c:/Users/hakim/eclipse-workspace/interrupts/build/main.o
LOAD c:/Users/hakim/eclipse-workspace/interrupts/build/board.o
LOAD c:/Users/hakim/eclipse-workspace/interrupts/build/stdio.o
LOAD c:/Users/hakim/eclipse-workspace/interrupts/build/led.o
LOAD c:/Users/hakim/eclipse-workspace/interrupts/build/pb.o
LOAD c:/Users/hakim/eclipse-workspace/interrupts/build/startup_max32665.o
LOAD c:/Users/hakim/eclipse-workspace/interrupts/build/backup_max32665.o
LOAD c:/Users/hakim/eclipse-workspace/interrupts/build/heap.o
LOAD c:/Users/hakim/eclipse-workspace/interrupts/build/system_max32665.o
START GROUP
LOAD C:/MaximSDK/Libraries/PeriphDrivers/bin/MAX32665/spi-v1_softfp/libPeriphDriver_spi-v1_softfp.a
LOAD c:/maximsdk/tools/gnutools/10.3/bin/../lib/gcc/arm-none-eabi/10.3.1/../../../../arm-none-eabi/lib/thumb/v7e-m+fp/softfp\libc.a
LOAD c:/maximsdk/tools/gnutools/10.3/bin/../lib/gcc/arm-none-eabi/10.3.1/../../../../arm-none-eabi/lib/thumb/v7e-m+fp/softfp\libm.a
LOAD c:/maximsdk/tools/gnutools/10.3/bin/../lib/gcc/arm-none-eabi/10.3.1/../../../../arm-none-eabi/lib/thumb/v7e-m+fp/softfp\libnosys.a
END GROUP
START GROUP
LOAD c:/maximsdk/tools/gnutools/10.3/bin/../lib/gcc/arm-none-eabi/10.3.1/thumb/v7e-m+fp/softfp\libgcc.a
LOAD c:/maximsdk/tools/gnutools/10.3/bin/../lib/gcc/arm-none-eabi/10.3.1/../../../../arm-none-eabi/lib/thumb/v7e-m+fp/softfp\libc.a
END GROUP
LOAD c:/maximsdk/tools/gnutools/10.3/bin/../lib/gcc/arm-none-eabi/10.3.1/thumb/v7e-m+fp/softfp/crtend.o
LOAD c:/maximsdk/tools/gnutools/10.3/bin/../lib/gcc/arm-none-eabi/10.3.1/thumb/v7e-m+fp/softfp/crtn.o
                0x20000000                SRAM_ORIGIN = 0x20000000
                0x00000000                SDMA_CODE_LEN = DEFINED (SDMA_CODE_SIZE)?SDMA_CODE_SIZE:0x0
                0x00000000                SDMA_DATA_LEN = DEFINED (SDMA_DATA_SIZE)?SDMA_DATA_SIZE:0x0
                0x00000000                SDMA_LEN = (SDMA_CODE_LEN + SDMA_DATA_LEN)
                0x00000000                OTP_LEN = DEFINED (SDMA_CODE_SIZE)?0x40:0x0
                0x00000000                SHARED_LEN = DEFINED (SDMA_CODE_SIZE)?0x400:0x0
                0x00000000                SHARED_LEN_HALF = (SHARED_LEN / 0x2)
                0x20000000                OTP_ADDR = SRAM_ORIGIN
                0x20000000                SHARED_ADDR = (OTP_ADDR + OTP_LEN)
                0x20000000                SDMA_DATA_ADDR = (SHARED_ADDR + SHARED_LEN)
                0x20000000                SDMA_CODE_ADDR = (SDMA_DATA_ADDR + SDMA_DATA_LEN)
                0x20000000                SRAM_ADDR = (SDMA_CODE_ADDR + SDMA_CODE_LEN)
                0x0008c000                SRAM_LEN = (((SRAM_SIZE - OTP_LEN) - SHARED_LEN) - SDMA_LEN)
                0x00100000                FLASH_MEM_SIZE = (0x100000 - _PAL_NVM_SIZE)
                0x10100000                PAL_NVM_ORIGIN = ((0x100000 - _PAL_NVM_SIZE) + 0x10000000)

.text           0x10000000     0xa4e4
                0x10000000                _text = .
 *(.isr_vector)
 .isr_vector    0x10000000      0x1bc c:/Users/hakim/eclipse-workspace/interrupts/build/startup_max32665.o
                0x10000000                __isr_vector
 *(.isr_vector_core1)
 *(.text*)
 .text          0x100001bc       0x40 c:/maximsdk/tools/gnutools/10.3/bin/../lib/gcc/arm-none-eabi/10.3.1/thumb/v7e-m+fp/softfp/crtbegin.o
 .text.buttonHandler
                0x100001fc        0xc c:/Users/hakim/eclipse-workspace/interrupts/build/main.o
                0x100001fc                buttonHandler
 .text.enter_deepsleep_isr
                0x10000208        0xc c:/Users/hakim/eclipse-workspace/interrupts/build/main.o
 .text.enter_backup_isr
                0x10000214        0xc c:/Users/hakim/eclipse-workspace/interrupts/build/main.o
 .text.FLC0_IRQHandler
                0x10000220       0x40 c:/Users/hakim/eclipse-workspace/interrupts/build/main.o
                0x10000220                FLC0_IRQHandler
 .text.FLC1_IRQHandler
                0x10000260       0x40 c:/Users/hakim/eclipse-workspace/interrupts/build/main.o
                0x10000260                FLC1_IRQHandler
 .text.setTrigger
                0x100002a0       0x38 c:/Users/hakim/eclipse-workspace/interrupts/build/main.o
                0x100002a0                setTrigger
 .text.switchToHIRCD4
                0x100002d8       0x40 c:/Users/hakim/eclipse-workspace/interrupts/build/main.o
                0x100002d8                switchToHIRCD4
 .text.switchToHIRC96
                0x10000318       0x40 c:/Users/hakim/eclipse-workspace/interrupts/build/main.o
                0x10000318                switchToHIRC96
 .text.prepForDeepSleep
                0x10000358       0x38 c:/Users/hakim/eclipse-workspace/interrupts/build/main.o
                0x10000358                prepForDeepSleep
 .text.recoverFromDeepSleep
                0x10000390       0x58 c:/Users/hakim/eclipse-workspace/interrupts/build/main.o
                0x10000390                recoverFromDeepSleep
 .text.flash_init
                0x100003e8       0x40 c:/Users/hakim/eclipse-workspace/interrupts/build/main.o
                0x100003e8                flash_init
 .text.interrupt_enabler
                0x10000428        0x8 c:/Users/hakim/eclipse-workspace/interrupts/build/main.o
                0x10000428                interrupt_enabler
 .text.checkpoint
                0x10000430       0x44 c:/Users/hakim/eclipse-workspace/interrupts/build/main.o
                0x10000430                checkpoint
 .text.restore  0x10000474       0x3c c:/Users/hakim/eclipse-workspace/interrupts/build/main.o
                0x10000474                restore
 .text.enter_deepsleep
                0x100004b0       0x48 c:/Users/hakim/eclipse-workspace/interrupts/build/main.o
                0x100004b0                enter_deepsleep
 .text.enter_backup
                0x100004f8       0x74 c:/Users/hakim/eclipse-workspace/interrupts/build/main.o
                0x100004f8                enter_backup
 .text.switchToSingleCoreMode
                0x1000056c       0x40 c:/Users/hakim/eclipse-workspace/interrupts/build/main.o
                0x1000056c                switchToSingleCoreMode
 .text.switchToDualCoreMode
                0x100005ac       0x3c c:/Users/hakim/eclipse-workspace/interrupts/build/main.o
                0x100005ac                switchToDualCoreMode
 .text.main     0x100005e8      0x8c4 c:/Users/hakim/eclipse-workspace/interrupts/build/main.o
                0x100005e8                main
 .text.mxc_assert
                0x10000eac       0x10 c:/Users/hakim/eclipse-workspace/interrupts/build/board.o
                0x10000eac                mxc_assert
 .text.GPIO1_IRQHandler
                0x10000ebc        0xa c:/Users/hakim/eclipse-workspace/interrupts/build/board.o
                0x10000ebc                GPIO1_IRQHandler
 *fill*         0x10000ec6        0x2 
 .text.Console_Init
                0x10000ec8       0x18 c:/Users/hakim/eclipse-workspace/interrupts/build/board.o
                0x10000ec8                Console_Init
 .text.Board_Init
                0x10000ee0       0x34 c:/Users/hakim/eclipse-workspace/interrupts/build/board.o
                0x10000ee0                Board_Init
 .text.NMI_Handler
                0x10000f14        0x4 c:/Users/hakim/eclipse-workspace/interrupts/build/board.o
                0x10000f14                NMI_Handler
 .text._close   0x10000f18        0x6 c:/Users/hakim/eclipse-workspace/interrupts/build/stdio.o
                0x10000f18                _close
 .text._isatty  0x10000f1e        0x6 c:/Users/hakim/eclipse-workspace/interrupts/build/stdio.o
                0x10000f1e                _isatty
 .text._lseek   0x10000f24        0x6 c:/Users/hakim/eclipse-workspace/interrupts/build/stdio.o
                0x10000f24                _lseek
 .text._fstat   0x10000f2a        0x6 c:/Users/hakim/eclipse-workspace/interrupts/build/stdio.o
                0x10000f2a                _fstat
 .text._read    0x10000f30       0x50 c:/Users/hakim/eclipse-workspace/interrupts/build/stdio.o
                0x10000f30                _read
 .text._write   0x10000f80       0x44 c:/Users/hakim/eclipse-workspace/interrupts/build/stdio.o
                0x10000f80                _write
 .text.LED_Off  0x10000fc4       0x44 c:/Users/hakim/eclipse-workspace/interrupts/build/led.o
                0x10000fc4                LED_Off
 .text.LED_Init
                0x10001008       0x3c c:/Users/hakim/eclipse-workspace/interrupts/build/led.o
                0x10001008                LED_Init
 .text.PB_Init  0x10001044       0x60 c:/Users/hakim/eclipse-workspace/interrupts/build/pb.o
                0x10001044                PB_Init
 .text.PB_RegisterCallback
                0x100010a4       0xb8 c:/Users/hakim/eclipse-workspace/interrupts/build/pb.o
                0x100010a4                PB_RegisterCallback
 .text          0x1000115c      0x134 c:/Users/hakim/eclipse-workspace/interrupts/build/startup_max32665.o
                0x1000115c                Reset_Handler
                0x1000119a                HardFault_Handler
                0x1000119c                MemManage_Handler
                0x1000119e                BusFault_Handler
                0x100011a0                UsageFault_Handler
                0x100011a2                SVC_Handler
                0x100011a4                PendSV_Handler
                0x100011a6                Default_Handler
                0x100011a8                PF_IRQHandler
                0x100011aa                WDT0_IRQHandler
                0x100011ac                USB_IRQHandler
                0x100011ae                RTC_IRQHandler
                0x100011b0                TRNG_IRQHandler
                0x100011b2                TMR0_IRQHandler
                0x100011b4                TMR1_IRQHandler
                0x100011b6                TMR2_IRQHandler
                0x100011b8                TMR3_IRQHandler
                0x100011ba                TMR4_IRQHandler
                0x100011bc                TMR5_IRQHandler
                0x100011be                RSV11_IRQHandler
                0x100011c0                RSV12_IRQHandler
                0x100011c2                I2C0_IRQHandler
                0x100011c4                UART0_IRQHandler
                0x100011c6                UART1_IRQHandler
                0x100011c8                SPI1_IRQHandler
                0x100011ca                SPI2_IRQHandler
                0x100011cc                RSV18_IRQHandler
                0x100011ce                RSV19_IRQHandler
                0x100011d0                ADC_IRQHandler
                0x100011d2                RSV21_IRQHandler
                0x100011d4                RSV22_IRQHandler
                0x100011d8                GPIO0_IRQHandler
                0x100011dc                RSV26_IRQHandler
                0x100011de                TPU_IRQHandler
                0x100011e0                DMA0_IRQHandler
                0x100011e2                DMA1_IRQHandler
                0x100011e4                DMA2_IRQHandler
                0x100011e6                DMA3_IRQHandler
                0x100011e8                RSV32_IRQHandler
                0x100011ea                RSV33_IRQHandler
                0x100011ec                UART2_IRQHandler
                0x100011ee                RSV35_IRQHandler
                0x100011f0                I2C1_IRQHandler
                0x100011f2                RSV37_IRQHandler
                0x100011f4                SPIXFC_IRQHandler
                0x100011f6                BTLE_TX_DONE_IRQHandler
                0x100011f8                BTLE_RX_RCVD_IRQHandler
                0x100011fa                BTLE_RX_ENG_DET_IRQHandler
                0x100011fc                BTLE_SFD_DET_IRQHandler
                0x100011fe                BTLE_SFD_TO_IRQHandler
                0x10001200                BTLE_GP_EVENT_IRQHandler
                0x10001202                BTLE_CFO_IRQHandler
                0x10001204                BTLE_SIG_DET_IRQHandler
                0x10001206                BTLE_AGC_EVENT_IRQHandler
                0x10001208                BTLE_RFFE_SPIM_IRQHandler
                0x1000120a                BTLE_TX_AES_IRQHandler
                0x1000120c                BTLE_RX_AES_IRQHandler
                0x1000120e                BTLE_INV_APB_ADDR_IRQHandler
                0x10001210                BTLE_IQ_DATA_VALID_IRQHandler
                0x10001212                WUT_IRQHandler
                0x10001214                GPIOWAKE_IRQHandler
                0x10001216                RSV55_IRQHandler
                0x10001218                SPI0_IRQHandler
                0x1000121a                WDT1_IRQHandler
                0x1000121c                RSV58_IRQHandler
                0x1000121e                PT_IRQHandler
                0x10001220                SDMA0_IRQHandler
                0x10001222                RSV61_IRQHandler
                0x10001224                I2C2_IRQHandler
                0x10001226                RSV63_IRQHandler
                0x10001228                RSV64_IRQHandler
                0x1000122a                RSV65_IRQHandler
                0x1000122c                SDHC_IRQHandler
                0x1000122e                OWM_IRQHandler
                0x10001230                DMA4_IRQHandler
                0x10001232                DMA5_IRQHandler
                0x10001234                DMA6_IRQHandler
                0x10001236                DMA7_IRQHandler
                0x10001238                DMA8_IRQHandler
                0x1000123a                DMA9_IRQHandler
                0x1000123c                DMA10_IRQHandler
                0x1000123e                DMA11_IRQHandler
                0x10001240                DMA12_IRQHandler
                0x10001242                DMA13_IRQHandler
                0x10001244                DMA14_IRQHandler
                0x10001246                DMA15_IRQHandler
                0x10001248                USBDMA_IRQHandler
                0x1000124a                WDT2_IRQHandler
                0x1000124c                ECC_IRQHandler
                0x1000124e                DVS_IRQHandler
                0x10001250                SIMO_IRQHandler
                0x10001252                SCA_IRQHandler
                0x10001254                AUDIO_IRQHandler
                0x10001258                RSV88_IRQHandler
                0x1000125a                RSV89_IRQHandler
                0x1000125c                RSV90_IRQHandler
                0x1000125e                RSV91_IRQHandler
                0x10001260                RSV92_IRQHandler
                0x10001262                HTMR0_IRQHandler
                0x10001264                HTMR1_IRQHandler
 .text._sbrk    0x10001290       0x40 c:/Users/hakim/eclipse-workspace/interrupts/build/heap.o
                0x10001290                _sbrk
 .text._getpid  0x100012d0        0x6 c:/Users/hakim/eclipse-workspace/interrupts/build/system_max32665.o
                0x100012d0                _getpid
 .text._kill    0x100012d6        0x6 c:/Users/hakim/eclipse-workspace/interrupts/build/system_max32665.o
                0x100012d6                _kill
 .text.SystemCoreClockUpdate
                0x100012dc       0x6c c:/Users/hakim/eclipse-workspace/interrupts/build/system_max32665.o
                0x100012dc                SystemCoreClockUpdate
 .text.PreInit  0x10001348       0x60 c:/Users/hakim/eclipse-workspace/interrupts/build/system_max32665.o
                0x10001348                PreInit
 .text.PinInit  0x100013a8        0x2 c:/Users/hakim/eclipse-workspace/interrupts/build/system_max32665.o
                0x100013a8                PinInit
 .text.PalSysInit
                0x100013aa        0x2 c:/Users/hakim/eclipse-workspace/interrupts/build/system_max32665.o
                0x100013aa                PalSysInit
 .text.SystemInit
                0x100013ac      0x114 c:/Users/hakim/eclipse-workspace/interrupts/build/system_max32665.o
                0x100013ac                SystemInit
 .text.MXC_DelayInit
                0x100014c0       0x84 C:/MaximSDK/Libraries/PeriphDrivers/bin/MAX32665/spi-v1_softfp/libPeriphDriver_spi-v1_softfp.a(mxc_delay.o)
 .text.MXC_DelayAsync
                0x10001544       0x44 C:/MaximSDK/Libraries/PeriphDrivers/bin/MAX32665/spi-v1_softfp/libPeriphDriver_spi-v1_softfp.a(mxc_delay.o)
                0x10001544                MXC_DelayAsync
 .text.MXC_DelayAbort
                0x10001588       0x34 C:/MaximSDK/Libraries/PeriphDrivers/bin/MAX32665/spi-v1_softfp/libPeriphDriver_spi-v1_softfp.a(mxc_delay.o)
                0x10001588                MXC_DelayAbort
 .text.MXC_DelayHandler
                0x100015bc       0x40 C:/MaximSDK/Libraries/PeriphDrivers/bin/MAX32665/spi-v1_softfp/libPeriphDriver_spi-v1_softfp.a(mxc_delay.o)
                0x100015bc                MXC_DelayHandler
 .text.SysTick_Handler
                0x100015fc        0x8 C:/MaximSDK/Libraries/PeriphDrivers/bin/MAX32665/spi-v1_softfp/libPeriphDriver_spi-v1_softfp.a(mxc_delay.o)
                0x100015fc                SysTick_Handler
 .text.MXC_DelayCheck
                0x10001604       0x64 C:/MaximSDK/Libraries/PeriphDrivers/bin/MAX32665/spi-v1_softfp/libPeriphDriver_spi-v1_softfp.a(mxc_delay.o)
                0x10001604                MXC_DelayCheck
 .text.MXC_Delay
                0x10001668       0x58 C:/MaximSDK/Libraries/PeriphDrivers/bin/MAX32665/spi-v1_softfp/libPeriphDriver_spi-v1_softfp.a(mxc_delay.o)
                0x10001668                MXC_Delay
 .text.NVIC_SetRAM
                0x100016c0       0x24 C:/MaximSDK/Libraries/PeriphDrivers/bin/MAX32665/spi-v1_softfp/libPeriphDriver_spi-v1_softfp.a(nvic_table.o)
                0x100016c0                NVIC_SetRAM
 .text.MXC_NVIC_SetVector
                0x100016e4       0x44 C:/MaximSDK/Libraries/PeriphDrivers/bin/MAX32665/spi-v1_softfp/libPeriphDriver_spi-v1_softfp.a(nvic_table.o)
                0x100016e4                MXC_NVIC_SetVector
 .text.MXC_SYS_ClockDisable
                0x10001728       0x2c C:/MaximSDK/Libraries/PeriphDrivers/bin/MAX32665/spi-v1_softfp/libPeriphDriver_spi-v1_softfp.a(sys_me14.o)
                0x10001728                MXC_SYS_ClockDisable
 .text.MXC_SYS_ClockEnable
                0x10001754       0x30 C:/MaximSDK/Libraries/PeriphDrivers/bin/MAX32665/spi-v1_softfp/libPeriphDriver_spi-v1_softfp.a(sys_me14.o)
                0x10001754                MXC_SYS_ClockEnable
 .text.MXC_SYS_Clock_Timeout
                0x10001784       0x30 C:/MaximSDK/Libraries/PeriphDrivers/bin/MAX32665/spi-v1_softfp/libPeriphDriver_spi-v1_softfp.a(sys_me14.o)
                0x10001784                MXC_SYS_Clock_Timeout
 .text.MXC_SYS_Clock_Select
                0x100017b4      0x18c C:/MaximSDK/Libraries/PeriphDrivers/bin/MAX32665/spi-v1_softfp/libPeriphDriver_spi-v1_softfp.a(sys_me14.o)
                0x100017b4                MXC_SYS_Clock_Select
 .text.MXC_SYS_Reset_Periph
                0x10001940       0x38 C:/MaximSDK/Libraries/PeriphDrivers/bin/MAX32665/spi-v1_softfp/libPeriphDriver_spi-v1_softfp.a(sys_me14.o)
                0x10001940                MXC_SYS_Reset_Periph
 .text.MXC_FLC_ME14_Flash_Operation
                0x10001978       0x30 C:/MaximSDK/Libraries/PeriphDrivers/bin/MAX32665/spi-v1_softfp/libPeriphDriver_spi-v1_softfp.a(flc_me14.o)
                0x10001978                MXC_FLC_ME14_Flash_Operation
 .text.MXC_FLC_ME14_GetByAddress
                0x100019a8       0x60 C:/MaximSDK/Libraries/PeriphDrivers/bin/MAX32665/spi-v1_softfp/libPeriphDriver_spi-v1_softfp.a(flc_me14.o)
                0x100019a8                MXC_FLC_ME14_GetByAddress
 .text.MXC_FLC_ME14_GetPhysicalAddress
                0x10001a08       0x66 C:/MaximSDK/Libraries/PeriphDrivers/bin/MAX32665/spi-v1_softfp/libPeriphDriver_spi-v1_softfp.a(flc_me14.o)
                0x10001a08                MXC_FLC_ME14_GetPhysicalAddress
 *fill*         0x10001a6e        0x2 
 .text.MXC_FLC_Write32
                0x10001a70       0x74 C:/MaximSDK/Libraries/PeriphDrivers/bin/MAX32665/spi-v1_softfp/libPeriphDriver_spi-v1_softfp.a(flc_me14.o)
                0x10001a70                MXC_FLC_Write32
 .text.MXC_FLC_Write
                0x10001ae4        0x8 C:/MaximSDK/Libraries/PeriphDrivers/bin/MAX32665/spi-v1_softfp/libPeriphDriver_spi-v1_softfp.a(flc_me14.o)
                0x10001ae4                MXC_FLC_Write
 .text.MXC_FLC_Read
                0x10001aec        0x8 C:/MaximSDK/Libraries/PeriphDrivers/bin/MAX32665/spi-v1_softfp/libPeriphDriver_spi-v1_softfp.a(flc_me14.o)
                0x10001aec                MXC_FLC_Read
 .text.MXC_FLC_ClearFlags
                0x10001af4        0x8 C:/MaximSDK/Libraries/PeriphDrivers/bin/MAX32665/spi-v1_softfp/libPeriphDriver_spi-v1_softfp.a(flc_me14.o)
                0x10001af4                MXC_FLC_ClearFlags
 .text.MXC_FLC_RevA_ClearFlags
                0x10001afc       0x20 C:/MaximSDK/Libraries/PeriphDrivers/bin/MAX32665/spi-v1_softfp/libPeriphDriver_spi-v1_softfp.a(flc_reva.o)
                0x10001afc                MXC_FLC_RevA_ClearFlags
 .text.MXC_GPIO_OutSet
                0x10001b1c        0x8 C:/MaximSDK/Libraries/PeriphDrivers/bin/MAX32665/spi-v1_softfp/libPeriphDriver_spi-v1_softfp.a(gpio_me14.o)
                0x10001b1c                MXC_GPIO_OutSet
 .text.MXC_GPIO_OutClr
                0x10001b24        0x8 C:/MaximSDK/Libraries/PeriphDrivers/bin/MAX32665/spi-v1_softfp/libPeriphDriver_spi-v1_softfp.a(gpio_me14.o)
                0x10001b24                MXC_GPIO_OutClr
 .text.MXC_GPIO_IntConfig
                0x10001b2c        0x8 C:/MaximSDK/Libraries/PeriphDrivers/bin/MAX32665/spi-v1_softfp/libPeriphDriver_spi-v1_softfp.a(gpio_me14.o)
                0x10001b2c                MXC_GPIO_IntConfig
 .text.MXC_GPIO_EnableInt
                0x10001b34        0x8 C:/MaximSDK/Libraries/PeriphDrivers/bin/MAX32665/spi-v1_softfp/libPeriphDriver_spi-v1_softfp.a(gpio_me14.o)
                0x10001b34                MXC_GPIO_EnableInt
 .text.MXC_GPIO_DisableInt
                0x10001b3c        0x8 C:/MaximSDK/Libraries/PeriphDrivers/bin/MAX32665/spi-v1_softfp/libPeriphDriver_spi-v1_softfp.a(gpio_me14.o)
                0x10001b3c                MXC_GPIO_DisableInt
 .text.MXC_GPIO_RegisterCallback
                0x10001b44        0x8 C:/MaximSDK/Libraries/PeriphDrivers/bin/MAX32665/spi-v1_softfp/libPeriphDriver_spi-v1_softfp.a(gpio_me14.o)
                0x10001b44                MXC_GPIO_RegisterCallback
 .text.MXC_GPIO_Handler
                0x10001b4c        0x8 C:/MaximSDK/Libraries/PeriphDrivers/bin/MAX32665/spi-v1_softfp/libPeriphDriver_spi-v1_softfp.a(gpio_me14.o)
                0x10001b4c                MXC_GPIO_Handler
 .text.MXC_GPIO_ClearFlags
                0x10001b54        0x8 C:/MaximSDK/Libraries/PeriphDrivers/bin/MAX32665/spi-v1_softfp/libPeriphDriver_spi-v1_softfp.a(gpio_me14.o)
                0x10001b54                MXC_GPIO_ClearFlags
 .text.MXC_GPIO_GetFlags
                0x10001b5c        0x8 C:/MaximSDK/Libraries/PeriphDrivers/bin/MAX32665/spi-v1_softfp/libPeriphDriver_spi-v1_softfp.a(gpio_me14.o)
                0x10001b5c                MXC_GPIO_GetFlags
 .text.MXC_GPIO_SetVSSEL
                0x10001b64        0x8 C:/MaximSDK/Libraries/PeriphDrivers/bin/MAX32665/spi-v1_softfp/libPeriphDriver_spi-v1_softfp.a(gpio_me14.o)
                0x10001b64                MXC_GPIO_SetVSSEL
 .text.MXC_GPIO_GetConfigLock
                0x10001b6c        0x8 C:/MaximSDK/Libraries/PeriphDrivers/bin/MAX32665/spi-v1_softfp/libPeriphDriver_spi-v1_softfp.a(gpio_me14.o)
                0x10001b6c                MXC_GPIO_GetConfigLock
 .text.MXC_GPIO_Config
                0x10001b74       0xde C:/MaximSDK/Libraries/PeriphDrivers/bin/MAX32665/spi-v1_softfp/libPeriphDriver_spi-v1_softfp.a(gpio_me14.o)
                0x10001b74                MXC_GPIO_Config
 .text.MXC_GPIO_RevA_OutSet
                0x10001c52        0x4 C:/MaximSDK/Libraries/PeriphDrivers/bin/MAX32665/spi-v1_softfp/libPeriphDriver_spi-v1_softfp.a(gpio_reva.o)
                0x10001c52                MXC_GPIO_RevA_OutSet
 .text.MXC_GPIO_RevA_OutClr
                0x10001c56        0x4 C:/MaximSDK/Libraries/PeriphDrivers/bin/MAX32665/spi-v1_softfp/libPeriphDriver_spi-v1_softfp.a(gpio_reva.o)
                0x10001c56                MXC_GPIO_RevA_OutClr
 .text.MXC_GPIO_RevA_IntConfig
                0x10001c5a       0xaa C:/MaximSDK/Libraries/PeriphDrivers/bin/MAX32665/spi-v1_softfp/libPeriphDriver_spi-v1_softfp.a(gpio_reva.o)
                0x10001c5a                MXC_GPIO_RevA_IntConfig
 .text.MXC_GPIO_RevA_EnableInt
                0x10001d04        0x4 C:/MaximSDK/Libraries/PeriphDrivers/bin/MAX32665/spi-v1_softfp/libPeriphDriver_spi-v1_softfp.a(gpio_reva.o)
                0x10001d04                MXC_GPIO_RevA_EnableInt
 .text.MXC_GPIO_RevA_DisableInt
                0x10001d08        0x4 C:/MaximSDK/Libraries/PeriphDrivers/bin/MAX32665/spi-v1_softfp/libPeriphDriver_spi-v1_softfp.a(gpio_reva.o)
                0x10001d08                MXC_GPIO_RevA_DisableInt
 .text.MXC_GPIO_RevA_ClearFlags
                0x10001d0c        0x4 C:/MaximSDK/Libraries/PeriphDrivers/bin/MAX32665/spi-v1_softfp/libPeriphDriver_spi-v1_softfp.a(gpio_reva.o)
                0x10001d0c                MXC_GPIO_RevA_ClearFlags
 .text.MXC_GPIO_RevA_GetFlags
                0x10001d10        0x4 C:/MaximSDK/Libraries/PeriphDrivers/bin/MAX32665/spi-v1_softfp/libPeriphDriver_spi-v1_softfp.a(gpio_reva.o)
                0x10001d10                MXC_GPIO_RevA_GetFlags
 .text.MXC_GPIO_RevA_SetVSSEL
                0x10001d14       0x3e C:/MaximSDK/Libraries/PeriphDrivers/bin/MAX32665/spi-v1_softfp/libPeriphDriver_spi-v1_softfp.a(gpio_reva.o)
                0x10001d14                MXC_GPIO_RevA_SetVSSEL
 .text.MXC_GPIO_RevA_SetAF
                0x10001d52       0x88 C:/MaximSDK/Libraries/PeriphDrivers/bin/MAX32665/spi-v1_softfp/libPeriphDriver_spi-v1_softfp.a(gpio_reva.o)
                0x10001d52                MXC_GPIO_RevA_SetAF
 *fill*         0x10001dda        0x2 
 .text.MXC_ICC_Enable
                0x10001ddc       0x18 C:/MaximSDK/Libraries/PeriphDrivers/bin/MAX32665/spi-v1_softfp/libPeriphDriver_spi-v1_softfp.a(icc_me14.o)
                0x10001ddc                MXC_ICC_Enable
 .text.MXC_ICC_Disable
                0x10001df4       0x18 C:/MaximSDK/Libraries/PeriphDrivers/bin/MAX32665/spi-v1_softfp/libPeriphDriver_spi-v1_softfp.a(icc_me14.o)
                0x10001df4                MXC_ICC_Disable
 .text.MXC_ICC_Ready
                0x10001e0c        0xa C:/MaximSDK/Libraries/PeriphDrivers/bin/MAX32665/spi-v1_softfp/libPeriphDriver_spi-v1_softfp.a(icc_reva.o)
 .text.MXC_ICC_RevA_Enable
                0x10001e16       0x38 C:/MaximSDK/Libraries/PeriphDrivers/bin/MAX32665/spi-v1_softfp/libPeriphDriver_spi-v1_softfp.a(icc_reva.o)
                0x10001e16                MXC_ICC_RevA_Enable
 .text.MXC_ICC_RevA_Disable
                0x10001e4e        0xe C:/MaximSDK/Libraries/PeriphDrivers/bin/MAX32665/spi-v1_softfp/libPeriphDriver_spi-v1_softfp.a(icc_reva.o)
                0x10001e4e                MXC_ICC_RevA_Disable
 .text.save_preDeepSleep_state
                0x10001e5c       0x7c C:/MaximSDK/Libraries/PeriphDrivers/bin/MAX32665/spi-v1_softfp/libPeriphDriver_spi-v1_softfp.a(lp_me14.o)
 .text.switchToHIRCD4
                0x10001ed8       0x40 C:/MaximSDK/Libraries/PeriphDrivers/bin/MAX32665/spi-v1_softfp/libPeriphDriver_spi-v1_softfp.a(lp_me14.o)
 .text.restore_preDeepSleep_state
                0x10001f18       0x90 C:/MaximSDK/Libraries/PeriphDrivers/bin/MAX32665/spi-v1_softfp/libPeriphDriver_spi-v1_softfp.a(lp_me14.o)
 .text.MXC_LP_ClearWakeStatus
                0x10001fa8       0x14 C:/MaximSDK/Libraries/PeriphDrivers/bin/MAX32665/spi-v1_softfp/libPeriphDriver_spi-v1_softfp.a(lp_me14.o)
                0x10001fa8                MXC_LP_ClearWakeStatus
 .text.MXC_LP_EnableGPIOWakeup
                0x10001fbc       0x40 C:/MaximSDK/Libraries/PeriphDrivers/bin/MAX32665/spi-v1_softfp/libPeriphDriver_spi-v1_softfp.a(lp_me14.o)
                0x10001fbc                MXC_LP_EnableGPIOWakeup
 .text.MXC_LP_ICache0Shutdown
                0x10001ffc       0x10 C:/MaximSDK/Libraries/PeriphDrivers/bin/MAX32665/spi-v1_softfp/libPeriphDriver_spi-v1_softfp.a(lp_me14.o)
                0x10001ffc                MXC_LP_ICache0Shutdown
 .text.MXC_LP_ICache0PowerUp
                0x1000200c       0x10 C:/MaximSDK/Libraries/PeriphDrivers/bin/MAX32665/spi-v1_softfp/libPeriphDriver_spi-v1_softfp.a(lp_me14.o)
                0x1000200c                MXC_LP_ICache0PowerUp
 .text.MXC_LP_FastWakeupDisable
                0x1000201c       0x10 C:/MaximSDK/Libraries/PeriphDrivers/bin/MAX32665/spi-v1_softfp/libPeriphDriver_spi-v1_softfp.a(lp_me14.o)
                0x1000201c                MXC_LP_FastWakeupDisable
 .text.MXC_LP_EnterDeepSleepMode
                0x1000202c      0x118 C:/MaximSDK/Libraries/PeriphDrivers/bin/MAX32665/spi-v1_softfp/libPeriphDriver_spi-v1_softfp.a(lp_me14.o)
                0x1000202c                MXC_LP_EnterDeepSleepMode
 .text.MXC_RTC_Start
                0x10002144       0x10 C:/MaximSDK/Libraries/PeriphDrivers/bin/MAX32665/spi-v1_softfp/libPeriphDriver_spi-v1_softfp.a(rtc_me14.o)
                0x10002144                MXC_RTC_Start
 .text.MXC_RTC_Stop
                0x10002154       0x10 C:/MaximSDK/Libraries/PeriphDrivers/bin/MAX32665/spi-v1_softfp/libPeriphDriver_spi-v1_softfp.a(rtc_me14.o)
                0x10002154                MXC_RTC_Stop
 .text.MXC_RTC_Init
                0x10002164       0x24 C:/MaximSDK/Libraries/PeriphDrivers/bin/MAX32665/spi-v1_softfp/libPeriphDriver_spi-v1_softfp.a(rtc_me14.o)
                0x10002164                MXC_RTC_Init
 .text.MXC_RTC_GetSubSecond
                0x10002188       0x10 C:/MaximSDK/Libraries/PeriphDrivers/bin/MAX32665/spi-v1_softfp/libPeriphDriver_spi-v1_softfp.a(rtc_me14.o)
                0x10002188                MXC_RTC_GetSubSecond
 .text.MXC_RTC_GetSecond
                0x10002198       0x10 C:/MaximSDK/Libraries/PeriphDrivers/bin/MAX32665/spi-v1_softfp/libPeriphDriver_spi-v1_softfp.a(rtc_me14.o)
                0x10002198                MXC_RTC_GetSecond
 .text.MXC_RTC_RevA_waitBusyToClear
                0x100021a8       0x10 C:/MaximSDK/Libraries/PeriphDrivers/bin/MAX32665/spi-v1_softfp/libPeriphDriver_spi-v1_softfp.a(rtc_reva.o)
 .text.MXC_RTC_RevA_GetBusyFlag
                0x100021b8       0x18 C:/MaximSDK/Libraries/PeriphDrivers/bin/MAX32665/spi-v1_softfp/libPeriphDriver_spi-v1_softfp.a(rtc_reva.o)
                0x100021b8                MXC_RTC_RevA_GetBusyFlag
 .text.MXC_RTC_RevA_Start
                0x100021d0       0x36 C:/MaximSDK/Libraries/PeriphDrivers/bin/MAX32665/spi-v1_softfp/libPeriphDriver_spi-v1_softfp.a(rtc_reva.o)
                0x100021d0                MXC_RTC_RevA_Start
 .text.MXC_RTC_RevA_Stop
                0x10002206       0x36 C:/MaximSDK/Libraries/PeriphDrivers/bin/MAX32665/spi-v1_softfp/libPeriphDriver_spi-v1_softfp.a(rtc_reva.o)
                0x10002206                MXC_RTC_RevA_Stop
 .text.MXC_RTC_RevA_Init
                0x1000223c       0x4c C:/MaximSDK/Libraries/PeriphDrivers/bin/MAX32665/spi-v1_softfp/libPeriphDriver_spi-v1_softfp.a(rtc_reva.o)
                0x1000223c                MXC_RTC_RevA_Init
 .text.MXC_RTC_RevA_GetSubSecond
                0x10002288       0x14 C:/MaximSDK/Libraries/PeriphDrivers/bin/MAX32665/spi-v1_softfp/libPeriphDriver_spi-v1_softfp.a(rtc_reva.o)
                0x10002288                MXC_RTC_RevA_GetSubSecond
 .text.MXC_RTC_RevA_GetSecond
                0x1000229c       0x14 C:/MaximSDK/Libraries/PeriphDrivers/bin/MAX32665/spi-v1_softfp/libPeriphDriver_spi-v1_softfp.a(rtc_reva.o)
                0x1000229c                MXC_RTC_RevA_GetSecond
 .text.MXC_SIMO_SetVregO_B
                0x100022b0       0x10 C:/MaximSDK/Libraries/PeriphDrivers/bin/MAX32665/spi-v1_softfp/libPeriphDriver_spi-v1_softfp.a(simo_me14.o)
                0x100022b0                MXC_SIMO_SetVregO_B
 .text.MXC_SIMO_RevA_SetVregO_B
                0x100022c0       0x30 C:/MaximSDK/Libraries/PeriphDrivers/bin/MAX32665/spi-v1_softfp/libPeriphDriver_spi-v1_softfp.a(simo_reva.o)
                0x100022c0                MXC_SIMO_RevA_SetVregO_B
 .text.MXC_UART_Shutdown
                0x100022f0       0x50 C:/MaximSDK/Libraries/PeriphDrivers/bin/MAX32665/spi-v1_softfp/libPeriphDriver_spi-v1_softfp.a(uart_me14.o)
                0x100022f0                MXC_UART_Shutdown
 .text.MXC_UART_Init
                0x10002340       0x98 C:/MaximSDK/Libraries/PeriphDrivers/bin/MAX32665/spi-v1_softfp/libPeriphDriver_spi-v1_softfp.a(uart_me14.o)
                0x10002340                MXC_UART_Init
 .text.MXC_UART_ReadyForSleep
                0x100023d8        0x8 C:/MaximSDK/Libraries/PeriphDrivers/bin/MAX32665/spi-v1_softfp/libPeriphDriver_spi-v1_softfp.a(uart_me14.o)
                0x100023d8                MXC_UART_ReadyForSleep
 .text.MXC_UART_SetFrequency
                0x100023e0        0x8 C:/MaximSDK/Libraries/PeriphDrivers/bin/MAX32665/spi-v1_softfp/libPeriphDriver_spi-v1_softfp.a(uart_me14.o)
                0x100023e0                MXC_UART_SetFrequency
 .text.MXC_UART_GetFrequency
                0x100023e8        0x8 C:/MaximSDK/Libraries/PeriphDrivers/bin/MAX32665/spi-v1_softfp/libPeriphDriver_spi-v1_softfp.a(uart_me14.o)
                0x100023e8                MXC_UART_GetFrequency
 .text.MXC_UART_SetDataSize
                0x100023f0        0x8 C:/MaximSDK/Libraries/PeriphDrivers/bin/MAX32665/spi-v1_softfp/libPeriphDriver_spi-v1_softfp.a(uart_me14.o)
                0x100023f0                MXC_UART_SetDataSize
 .text.MXC_UART_SetStopBits
                0x100023f8        0x8 C:/MaximSDK/Libraries/PeriphDrivers/bin/MAX32665/spi-v1_softfp/libPeriphDriver_spi-v1_softfp.a(uart_me14.o)
                0x100023f8                MXC_UART_SetStopBits
 .text.MXC_UART_SetParity
                0x10002400        0x8 C:/MaximSDK/Libraries/PeriphDrivers/bin/MAX32665/spi-v1_softfp/libPeriphDriver_spi-v1_softfp.a(uart_me14.o)
                0x10002400                MXC_UART_SetParity
 .text.MXC_UART_GetActive
                0x10002408        0x8 C:/MaximSDK/Libraries/PeriphDrivers/bin/MAX32665/spi-v1_softfp/libPeriphDriver_spi-v1_softfp.a(uart_me14.o)
                0x10002408                MXC_UART_GetActive
 .text.MXC_UART_ReadCharacterRaw
                0x10002410        0x8 C:/MaximSDK/Libraries/PeriphDrivers/bin/MAX32665/spi-v1_softfp/libPeriphDriver_spi-v1_softfp.a(uart_me14.o)
                0x10002410                MXC_UART_ReadCharacterRaw
 .text.MXC_UART_WriteCharacterRaw
                0x10002418        0x8 C:/MaximSDK/Libraries/PeriphDrivers/bin/MAX32665/spi-v1_softfp/libPeriphDriver_spi-v1_softfp.a(uart_me14.o)
                0x10002418                MXC_UART_WriteCharacterRaw
 .text.MXC_UART_ReadCharacter
                0x10002420        0x8 C:/MaximSDK/Libraries/PeriphDrivers/bin/MAX32665/spi-v1_softfp/libPeriphDriver_spi-v1_softfp.a(uart_me14.o)
                0x10002420                MXC_UART_ReadCharacter
 .text.MXC_UART_WriteCharacter
                0x10002428        0x8 C:/MaximSDK/Libraries/PeriphDrivers/bin/MAX32665/spi-v1_softfp/libPeriphDriver_spi-v1_softfp.a(uart_me14.o)
                0x10002428                MXC_UART_WriteCharacter
 .text.MXC_UART_GetRXFIFOAvailable
                0x10002430        0x8 C:/MaximSDK/Libraries/PeriphDrivers/bin/MAX32665/spi-v1_softfp/libPeriphDriver_spi-v1_softfp.a(uart_me14.o)
                0x10002430                MXC_UART_GetRXFIFOAvailable
 .text.MXC_UART_GetTXFIFOAvailable
                0x10002438        0x8 C:/MaximSDK/Libraries/PeriphDrivers/bin/MAX32665/spi-v1_softfp/libPeriphDriver_spi-v1_softfp.a(uart_me14.o)
                0x10002438                MXC_UART_GetTXFIFOAvailable
 .text.MXC_UART_SetRXThreshold
                0x10002440        0x8 C:/MaximSDK/Libraries/PeriphDrivers/bin/MAX32665/spi-v1_softfp/libPeriphDriver_spi-v1_softfp.a(uart_me14.o)
                0x10002440                MXC_UART_SetRXThreshold
 .text.MXC_UART_SetTXThreshold
                0x10002448        0x8 C:/MaximSDK/Libraries/PeriphDrivers/bin/MAX32665/spi-v1_softfp/libPeriphDriver_spi-v1_softfp.a(uart_me14.o)
                0x10002448                MXC_UART_SetTXThreshold
 .text.MXC_UART_RevA_Init
                0x10002450       0xd4 C:/MaximSDK/Libraries/PeriphDrivers/bin/MAX32665/spi-v1_softfp/libPeriphDriver_spi-v1_softfp.a(uart_reva.o)
                0x10002450                MXC_UART_RevA_Init
 .text.MXC_UART_RevA_ReadyForSleep
                0x10002524       0x44 C:/MaximSDK/Libraries/PeriphDrivers/bin/MAX32665/spi-v1_softfp/libPeriphDriver_spi-v1_softfp.a(uart_reva.o)
                0x10002524                MXC_UART_RevA_ReadyForSleep
 .text.MXC_UART_RevA_SetFrequency
                0x10002568      0x108 C:/MaximSDK/Libraries/PeriphDrivers/bin/MAX32665/spi-v1_softfp/libPeriphDriver_spi-v1_softfp.a(uart_reva.o)
                0x10002568                MXC_UART_RevA_SetFrequency
 .text.MXC_UART_RevA_GetFrequency
                0x10002670       0xb4 C:/MaximSDK/Libraries/PeriphDrivers/bin/MAX32665/spi-v1_softfp/libPeriphDriver_spi-v1_softfp.a(uart_reva.o)
                0x10002670                MXC_UART_RevA_GetFrequency
 .text.MXC_UART_RevA_SetDataSize
                0x10002724       0x20 C:/MaximSDK/Libraries/PeriphDrivers/bin/MAX32665/spi-v1_softfp/libPeriphDriver_spi-v1_softfp.a(uart_reva.o)
                0x10002724                MXC_UART_RevA_SetDataSize
 .text.MXC_UART_RevA_SetStopBits
                0x10002744       0x24 C:/MaximSDK/Libraries/PeriphDrivers/bin/MAX32665/spi-v1_softfp/libPeriphDriver_spi-v1_softfp.a(uart_reva.o)
                0x10002744                MXC_UART_RevA_SetStopBits
 .text.MXC_UART_RevA_SetParity
                0x10002768      0x11a C:/MaximSDK/Libraries/PeriphDrivers/bin/MAX32665/spi-v1_softfp/libPeriphDriver_spi-v1_softfp.a(uart_reva.o)
                0x10002768                MXC_UART_RevA_SetParity
 .text.MXC_UART_RevA_GetActive
                0x10002882       0x12 C:/MaximSDK/Libraries/PeriphDrivers/bin/MAX32665/spi-v1_softfp/libPeriphDriver_spi-v1_softfp.a(uart_reva.o)
                0x10002882                MXC_UART_RevA_GetActive
 .text.MXC_UART_RevA_ReadCharacterRaw
                0x10002894       0x12 C:/MaximSDK/Libraries/PeriphDrivers/bin/MAX32665/spi-v1_softfp/libPeriphDriver_spi-v1_softfp.a(uart_reva.o)
                0x10002894                MXC_UART_RevA_ReadCharacterRaw
 .text.MXC_UART_RevA_WriteCharacterRaw
                0x100028a6       0x14 C:/MaximSDK/Libraries/PeriphDrivers/bin/MAX32665/spi-v1_softfp/libPeriphDriver_spi-v1_softfp.a(uart_reva.o)
                0x100028a6                MXC_UART_RevA_WriteCharacterRaw
 .text.MXC_UART_RevA_GetRXFIFOAvailable
                0x100028ba        0x8 C:/MaximSDK/Libraries/PeriphDrivers/bin/MAX32665/spi-v1_softfp/libPeriphDriver_spi-v1_softfp.a(uart_reva.o)
                0x100028ba                MXC_UART_RevA_GetRXFIFOAvailable
 .text.MXC_UART_RevA_GetTXFIFOAvailable
                0x100028c2        0xc C:/MaximSDK/Libraries/PeriphDrivers/bin/MAX32665/spi-v1_softfp/libPeriphDriver_spi-v1_softfp.a(uart_reva.o)
                0x100028c2                MXC_UART_RevA_GetTXFIFOAvailable
 .text.MXC_UART_RevA_SetRXThreshold
                0x100028ce       0x1e C:/MaximSDK/Libraries/PeriphDrivers/bin/MAX32665/spi-v1_softfp/libPeriphDriver_spi-v1_softfp.a(uart_reva.o)
                0x100028ce                MXC_UART_RevA_SetRXThreshold
 .text.MXC_UART_RevA_SetTXThreshold
                0x100028ec       0x20 C:/MaximSDK/Libraries/PeriphDrivers/bin/MAX32665/spi-v1_softfp/libPeriphDriver_spi-v1_softfp.a(uart_reva.o)
                0x100028ec                MXC_UART_RevA_SetTXThreshold
 .text.MXC_GPIO_Common_RegisterCallback
                0x1000290c       0x8c C:/MaximSDK/Libraries/PeriphDrivers/bin/MAX32665/spi-v1_softfp/libPeriphDriver_spi-v1_softfp.a(gpio_common.o)
                0x1000290c                MXC_GPIO_Common_RegisterCallback
 .text.MXC_GPIO_Common_Handler
                0x10002998       0x78 C:/MaximSDK/Libraries/PeriphDrivers/bin/MAX32665/spi-v1_softfp/libPeriphDriver_spi-v1_softfp.a(gpio_common.o)
                0x10002998                MXC_GPIO_Common_Handler
 .text.MXC_GPIO_Common_GetConfigLock
                0x10002a10        0xc C:/MaximSDK/Libraries/PeriphDrivers/bin/MAX32665/spi-v1_softfp/libPeriphDriver_spi-v1_softfp.a(gpio_common.o)
                0x10002a10                MXC_GPIO_Common_GetConfigLock
 .text.MXC_UART_Common_ReadCharacter
                0x10002a1c       0x16 C:/MaximSDK/Libraries/PeriphDrivers/bin/MAX32665/spi-v1_softfp/libPeriphDriver_spi-v1_softfp.a(uart_common.o)
                0x10002a1c                MXC_UART_Common_ReadCharacter
 .text.MXC_UART_Common_WriteCharacter
                0x10002a32       0x1a C:/MaximSDK/Libraries/PeriphDrivers/bin/MAX32665/spi-v1_softfp/libPeriphDriver_spi-v1_softfp.a(uart_common.o)
                0x10002a32                MXC_UART_Common_WriteCharacter
 .text.__errno  0x10002a4c        0xc c:/maximsdk/tools/gnutools/10.3/bin/../lib/gcc/arm-none-eabi/10.3.1/../../../../arm-none-eabi/lib/thumb/v7e-m+fp/softfp\libc.a(lib_a-errno.o)
                0x10002a4c                __errno
 .text.__libc_init_array
                0x10002a58       0x48 c:/maximsdk/tools/gnutools/10.3/bin/../lib/gcc/arm-none-eabi/10.3.1/../../../../arm-none-eabi/lib/thumb/v7e-m+fp/softfp\libc.a(lib_a-init.o)
                0x10002a58                __libc_init_array
 .text.malloc   0x10002aa0       0x10 c:/maximsdk/tools/gnutools/10.3/bin/../lib/gcc/arm-none-eabi/10.3.1/../../../../arm-none-eabi/lib/thumb/v7e-m+fp/softfp\libc.a(lib_a-malloc.o)
                0x10002aa0                malloc
 .text._malloc_r
                0x10002ab0      0x560 c:/maximsdk/tools/gnutools/10.3/bin/../lib/gcc/arm-none-eabi/10.3.1/../../../../arm-none-eabi/lib/thumb/v7e-m+fp/softfp\libc.a(lib_a-mallocr.o)
                0x10002ab0                _malloc_r
 .text          0x10003010      0x134 c:/maximsdk/tools/gnutools/10.3/bin/../lib/gcc/arm-none-eabi/10.3.1/../../../../arm-none-eabi/lib/thumb/v7e-m+fp/softfp\libc.a(lib_a-memcpy.o)
                0x10003010                memcpy
 .text.memset   0x10003144       0xa4 c:/maximsdk/tools/gnutools/10.3/bin/../lib/gcc/arm-none-eabi/10.3.1/../../../../arm-none-eabi/lib/thumb/v7e-m+fp/softfp\libc.a(lib_a-memset.o)
                0x10003144                memset
 .text.__malloc_lock
                0x100031e8        0xc c:/maximsdk/tools/gnutools/10.3/bin/../lib/gcc/arm-none-eabi/10.3.1/../../../../arm-none-eabi/lib/thumb/v7e-m+fp/softfp\libc.a(lib_a-mlock.o)
                0x100031e8                __malloc_lock
 .text.__malloc_unlock
                0x100031f4        0xc c:/maximsdk/tools/gnutools/10.3/bin/../lib/gcc/arm-none-eabi/10.3.1/../../../../arm-none-eabi/lib/thumb/v7e-m+fp/softfp\libc.a(lib_a-mlock.o)
                0x100031f4                __malloc_unlock
 .text.printf   0x10003200       0x28 c:/maximsdk/tools/gnutools/10.3/bin/../lib/gcc/arm-none-eabi/10.3.1/../../../../arm-none-eabi/lib/thumb/v7e-m+fp/softfp\libc.a(lib_a-printf.o)
                0x10003200                printf
 .text._puts_r  0x10003228       0x9c c:/maximsdk/tools/gnutools/10.3/bin/../lib/gcc/arm-none-eabi/10.3.1/../../../../arm-none-eabi/lib/thumb/v7e-m+fp/softfp\libc.a(lib_a-puts.o)
                0x10003228                _puts_r
 .text.puts     0x100032c4       0x10 c:/maximsdk/tools/gnutools/10.3/bin/../lib/gcc/arm-none-eabi/10.3.1/../../../../arm-none-eabi/lib/thumb/v7e-m+fp/softfp\libc.a(lib_a-puts.o)
                0x100032c4                puts
 .text.rand     0x100032d4       0x3c c:/maximsdk/tools/gnutools/10.3/bin/../lib/gcc/arm-none-eabi/10.3.1/../../../../arm-none-eabi/lib/thumb/v7e-m+fp/softfp\libc.a(lib_a-rand.o)
                0x100032d4                rand
 .text._sbrk_r  0x10003310       0x24 c:/maximsdk/tools/gnutools/10.3/bin/../lib/gcc/arm-none-eabi/10.3.1/../../../../arm-none-eabi/lib/thumb/v7e-m+fp/softfp\libc.a(lib_a-sbrkr.o)
                0x10003310                _sbrk_r
 *fill*         0x10003334        0xc 
 .text          0x10003340       0xdc c:/maximsdk/tools/gnutools/10.3/bin/../lib/gcc/arm-none-eabi/10.3.1/../../../../arm-none-eabi/lib/thumb/v7e-m+fp/softfp\libc.a(lib_a-strlen.o)
                0x10003340                strlen
 *fill*         0x1000341c        0x4 
 .text._vfprintf_r
                0x10003420     0x1b8c c:/maximsdk/tools/gnutools/10.3/bin/../lib/gcc/arm-none-eabi/10.3.1/../../../../arm-none-eabi/lib/thumb/v7e-m+fp/softfp\libc.a(lib_a-vfprintf.o)
                0x10003420                _vfprintf_r
 .text.__sbprintf
                0x10004fac       0x80 c:/maximsdk/tools/gnutools/10.3/bin/../lib/gcc/arm-none-eabi/10.3.1/../../../../arm-none-eabi/lib/thumb/v7e-m+fp/softfp\libc.a(lib_a-vfprintf.o)
 .text.__swsetup_r
                0x1000502c       0xd4 c:/maximsdk/tools/gnutools/10.3/bin/../lib/gcc/arm-none-eabi/10.3.1/../../../../arm-none-eabi/lib/thumb/v7e-m+fp/softfp\libc.a(lib_a-wsetup.o)
                0x1000502c                __swsetup_r
 .text.startup.register_fini
                0x10005100       0x14 c:/maximsdk/tools/gnutools/10.3/bin/../lib/gcc/arm-none-eabi/10.3.1/../../../../arm-none-eabi/lib/thumb/v7e-m+fp/softfp\libc.a(lib_a-__call_atexit.o)
 .text.atexit   0x10005114        0xc c:/maximsdk/tools/gnutools/10.3/bin/../lib/gcc/arm-none-eabi/10.3.1/../../../../arm-none-eabi/lib/thumb/v7e-m+fp/softfp\libc.a(lib_a-atexit.o)
                0x10005114                atexit
 .text.quorem   0x10005120      0x128 c:/maximsdk/tools/gnutools/10.3/bin/../lib/gcc/arm-none-eabi/10.3.1/../../../../arm-none-eabi/lib/thumb/v7e-m+fp/softfp\libc.a(lib_a-dtoa.o)
 .text._dtoa_r  0x10005248      0xf34 c:/maximsdk/tools/gnutools/10.3/bin/../lib/gcc/arm-none-eabi/10.3.1/../../../../arm-none-eabi/lib/thumb/v7e-m+fp/softfp\libc.a(lib_a-dtoa.o)
                0x10005248                _dtoa_r
 .text.__sflush_r
                0x1000617c      0x130 c:/maximsdk/tools/gnutools/10.3/bin/../lib/gcc/arm-none-eabi/10.3.1/../../../../arm-none-eabi/lib/thumb/v7e-m+fp/softfp\libc.a(lib_a-fflush.o)
                0x1000617c                __sflush_r
 .text._fflush_r
                0x100062ac       0x5c c:/maximsdk/tools/gnutools/10.3/bin/../lib/gcc/arm-none-eabi/10.3.1/../../../../arm-none-eabi/lib/thumb/v7e-m+fp/softfp\libc.a(lib_a-fflush.o)
                0x100062ac                _fflush_r
 .text._cleanup_r
                0x10006308        0xc c:/maximsdk/tools/gnutools/10.3/bin/../lib/gcc/arm-none-eabi/10.3.1/../../../../arm-none-eabi/lib/thumb/v7e-m+fp/softfp\libc.a(lib_a-findfp.o)
                0x10006308                _cleanup_r
 .text.__sinit  0x10006314      0x10c c:/maximsdk/tools/gnutools/10.3/bin/../lib/gcc/arm-none-eabi/10.3.1/../../../../arm-none-eabi/lib/thumb/v7e-m+fp/softfp\libc.a(lib_a-findfp.o)
                0x10006314                __sinit
 .text.__sfp_lock_acquire
                0x10006420        0xc c:/maximsdk/tools/gnutools/10.3/bin/../lib/gcc/arm-none-eabi/10.3.1/../../../../arm-none-eabi/lib/thumb/v7e-m+fp/softfp\libc.a(lib_a-findfp.o)
                0x10006420                __sfp_lock_acquire
 .text.__sfp_lock_release
                0x1000642c        0xc c:/maximsdk/tools/gnutools/10.3/bin/../lib/gcc/arm-none-eabi/10.3.1/../../../../arm-none-eabi/lib/thumb/v7e-m+fp/softfp\libc.a(lib_a-findfp.o)
                0x1000642c                __sfp_lock_release
 .text.__libc_fini_array
                0x10006438       0x2c c:/maximsdk/tools/gnutools/10.3/bin/../lib/gcc/arm-none-eabi/10.3.1/../../../../arm-none-eabi/lib/thumb/v7e-m+fp/softfp\libc.a(lib_a-fini.o)
                0x10006438                __libc_fini_array
 .text._malloc_trim_r
                0x10006464       0xa0 c:/maximsdk/tools/gnutools/10.3/bin/../lib/gcc/arm-none-eabi/10.3.1/../../../../arm-none-eabi/lib/thumb/v7e-m+fp/softfp\libc.a(lib_a-freer.o)
                0x10006464                _malloc_trim_r
 .text._free_r  0x10006504      0x20c c:/maximsdk/tools/gnutools/10.3/bin/../lib/gcc/arm-none-eabi/10.3.1/../../../../arm-none-eabi/lib/thumb/v7e-m+fp/softfp\libc.a(lib_a-freer.o)
                0x10006504                _free_r
 .text.__sfvwrite_r
                0x10006710      0x2f0 c:/maximsdk/tools/gnutools/10.3/bin/../lib/gcc/arm-none-eabi/10.3.1/../../../../arm-none-eabi/lib/thumb/v7e-m+fp/softfp\libc.a(lib_a-fvwrite.o)
                0x10006710                __sfvwrite_r
 .text._fwalk_reent
                0x10006a00       0x48 c:/maximsdk/tools/gnutools/10.3/bin/../lib/gcc/arm-none-eabi/10.3.1/../../../../arm-none-eabi/lib/thumb/v7e-m+fp/softfp\libc.a(lib_a-fwalk.o)
                0x10006a00                _fwalk_reent
 .text._localeconv_r
                0x10006a48        0x8 c:/maximsdk/tools/gnutools/10.3/bin/../lib/gcc/arm-none-eabi/10.3.1/../../../../arm-none-eabi/lib/thumb/v7e-m+fp/softfp\libc.a(lib_a-localeconv.o)
                0x10006a48                _localeconv_r
 .text.__retarget_lock_init_recursive
                0x10006a50        0x4 c:/maximsdk/tools/gnutools/10.3/bin/../lib/gcc/arm-none-eabi/10.3.1/../../../../arm-none-eabi/lib/thumb/v7e-m+fp/softfp\libc.a(lib_a-lock.o)
                0x10006a50                __retarget_lock_init_recursive
 .text.__retarget_lock_close_recursive
                0x10006a54        0x4 c:/maximsdk/tools/gnutools/10.3/bin/../lib/gcc/arm-none-eabi/10.3.1/../../../../arm-none-eabi/lib/thumb/v7e-m+fp/softfp\libc.a(lib_a-lock.o)
                0x10006a54                __retarget_lock_close_recursive
 .text.__retarget_lock_acquire_recursive
                0x10006a58        0x4 c:/maximsdk/tools/gnutools/10.3/bin/../lib/gcc/arm-none-eabi/10.3.1/../../../../arm-none-eabi/lib/thumb/v7e-m+fp/softfp\libc.a(lib_a-lock.o)
                0x10006a58                __retarget_lock_acquire_recursive
 .text.__retarget_lock_release_recursive
                0x10006a5c        0x4 c:/maximsdk/tools/gnutools/10.3/bin/../lib/gcc/arm-none-eabi/10.3.1/../../../../arm-none-eabi/lib/thumb/v7e-m+fp/softfp\libc.a(lib_a-lock.o)
                0x10006a5c                __retarget_lock_release_recursive
 .text.__smakebuf_r
                0x10006a60       0xe0 c:/maximsdk/tools/gnutools/10.3/bin/../lib/gcc/arm-none-eabi/10.3.1/../../../../arm-none-eabi/lib/thumb/v7e-m+fp/softfp\libc.a(lib_a-makebuf.o)
                0x10006a60                __smakebuf_r
 .text          0x10006b40       0xa0 c:/maximsdk/tools/gnutools/10.3/bin/../lib/gcc/arm-none-eabi/10.3.1/../../../../arm-none-eabi/lib/thumb/v7e-m+fp/softfp\libc.a(lib_a-memchr.o)
                0x10006b40                memchr
 .text.memmove  0x10006be0       0xf8 c:/maximsdk/tools/gnutools/10.3/bin/../lib/gcc/arm-none-eabi/10.3.1/../../../../arm-none-eabi/lib/thumb/v7e-m+fp/softfp\libc.a(lib_a-memmove.o)
                0x10006be0                memmove
 .text._Balloc  0x10006cd8       0x4c c:/maximsdk/tools/gnutools/10.3/bin/../lib/gcc/arm-none-eabi/10.3.1/../../../../arm-none-eabi/lib/thumb/v7e-m+fp/softfp\libc.a(lib_a-mprec.o)
                0x10006cd8                _Balloc
 .text._Bfree   0x10006d24       0x14 c:/maximsdk/tools/gnutools/10.3/bin/../lib/gcc/arm-none-eabi/10.3.1/../../../../arm-none-eabi/lib/thumb/v7e-m+fp/softfp\libc.a(lib_a-mprec.o)
                0x10006d24                _Bfree
 .text.__multadd
                0x10006d38       0xa8 c:/maximsdk/tools/gnutools/10.3/bin/../lib/gcc/arm-none-eabi/10.3.1/../../../../arm-none-eabi/lib/thumb/v7e-m+fp/softfp\libc.a(lib_a-mprec.o)
                0x10006d38                __multadd
 .text.__hi0bits
                0x10006de0       0x40 c:/maximsdk/tools/gnutools/10.3/bin/../lib/gcc/arm-none-eabi/10.3.1/../../../../arm-none-eabi/lib/thumb/v7e-m+fp/softfp\libc.a(lib_a-mprec.o)
                0x10006de0                __hi0bits
 .text.__lo0bits
                0x10006e20       0x60 c:/maximsdk/tools/gnutools/10.3/bin/../lib/gcc/arm-none-eabi/10.3.1/../../../../arm-none-eabi/lib/thumb/v7e-m+fp/softfp\libc.a(lib_a-mprec.o)
                0x10006e20                __lo0bits
 .text.__i2b    0x10006e80       0x5c c:/maximsdk/tools/gnutools/10.3/bin/../lib/gcc/arm-none-eabi/10.3.1/../../../../arm-none-eabi/lib/thumb/v7e-m+fp/softfp\libc.a(lib_a-mprec.o)
                0x10006e80                __i2b
 .text.__multiply
                0x10006edc      0x15c c:/maximsdk/tools/gnutools/10.3/bin/../lib/gcc/arm-none-eabi/10.3.1/../../../../arm-none-eabi/lib/thumb/v7e-m+fp/softfp\libc.a(lib_a-mprec.o)
                0x10006edc                __multiply
 .text.__pow5mult
                0x10007038       0xc0 c:/maximsdk/tools/gnutools/10.3/bin/../lib/gcc/arm-none-eabi/10.3.1/../../../../arm-none-eabi/lib/thumb/v7e-m+fp/softfp\libc.a(lib_a-mprec.o)
                0x10007038                __pow5mult
 .text.__lshift
                0x100070f8       0xf0 c:/maximsdk/tools/gnutools/10.3/bin/../lib/gcc/arm-none-eabi/10.3.1/../../../../arm-none-eabi/lib/thumb/v7e-m+fp/softfp\libc.a(lib_a-mprec.o)
                0x100070f8                __lshift
 .text.__mcmp   0x100071e8       0x44 c:/maximsdk/tools/gnutools/10.3/bin/../lib/gcc/arm-none-eabi/10.3.1/../../../../arm-none-eabi/lib/thumb/v7e-m+fp/softfp\libc.a(lib_a-mprec.o)
                0x100071e8                __mcmp
 .text.__mdiff  0x1000722c      0x14c c:/maximsdk/tools/gnutools/10.3/bin/../lib/gcc/arm-none-eabi/10.3.1/../../../../arm-none-eabi/lib/thumb/v7e-m+fp/softfp\libc.a(lib_a-mprec.o)
                0x1000722c                __mdiff
 .text.__d2b    0x10007378       0xc4 c:/maximsdk/tools/gnutools/10.3/bin/../lib/gcc/arm-none-eabi/10.3.1/../../../../arm-none-eabi/lib/thumb/v7e-m+fp/softfp\libc.a(lib_a-mprec.o)
                0x10007378                __d2b
 .text._realloc_r
                0x1000743c      0x3d8 c:/maximsdk/tools/gnutools/10.3/bin/../lib/gcc/arm-none-eabi/10.3.1/../../../../arm-none-eabi/lib/thumb/v7e-m+fp/softfp\libc.a(lib_a-reallocr.o)
                0x1000743c                _realloc_r
 .text.frexp    0x10007814       0x70 c:/maximsdk/tools/gnutools/10.3/bin/../lib/gcc/arm-none-eabi/10.3.1/../../../../arm-none-eabi/lib/thumb/v7e-m+fp/softfp\libc.a(lib_a-s_frexp.o)
                0x10007814                frexp
 .text.__sread  0x10007884       0x24 c:/maximsdk/tools/gnutools/10.3/bin/../lib/gcc/arm-none-eabi/10.3.1/../../../../arm-none-eabi/lib/thumb/v7e-m+fp/softfp\libc.a(lib_a-stdio.o)
                0x10007884                __sread
 .text.__swrite
                0x100078a8       0x40 c:/maximsdk/tools/gnutools/10.3/bin/../lib/gcc/arm-none-eabi/10.3.1/../../../../arm-none-eabi/lib/thumb/v7e-m+fp/softfp\libc.a(lib_a-stdio.o)
                0x100078a8                __swrite
 .text.__sseek  0x100078e8       0x20 c:/maximsdk/tools/gnutools/10.3/bin/../lib/gcc/arm-none-eabi/10.3.1/../../../../arm-none-eabi/lib/thumb/v7e-m+fp/softfp\libc.a(lib_a-stdio.o)
                0x100078e8                __sseek
 .text.__sclose
                0x10007908        0x8 c:/maximsdk/tools/gnutools/10.3/bin/../lib/gcc/arm-none-eabi/10.3.1/../../../../arm-none-eabi/lib/thumb/v7e-m+fp/softfp\libc.a(lib_a-stdio.o)
                0x10007908                __sclose
 .text.strncpy  0x10007910       0x64 c:/maximsdk/tools/gnutools/10.3/bin/../lib/gcc/arm-none-eabi/10.3.1/../../../../arm-none-eabi/lib/thumb/v7e-m+fp/softfp\libc.a(lib_a-strncpy.o)
                0x10007910                strncpy
 .text.__sprint_r.part.0
                0x10007974       0x78 c:/maximsdk/tools/gnutools/10.3/bin/../lib/gcc/arm-none-eabi/10.3.1/../../../../arm-none-eabi/lib/thumb/v7e-m+fp/softfp\libc.a(lib_a-vfiprintf.o)
 .text.__sprint_r
                0x100079ec       0x18 c:/maximsdk/tools/gnutools/10.3/bin/../lib/gcc/arm-none-eabi/10.3.1/../../../../arm-none-eabi/lib/thumb/v7e-m+fp/softfp\libc.a(lib_a-vfiprintf.o)
                0x100079ec                __sprint_r
 .text._vfiprintf_r
                0x10007a04      0xdfc c:/maximsdk/tools/gnutools/10.3/bin/../lib/gcc/arm-none-eabi/10.3.1/../../../../arm-none-eabi/lib/thumb/v7e-m+fp/softfp\libc.a(lib_a-vfiprintf.o)
                0x10007a04                _vfiprintf_r
 .text.__sbprintf
                0x10008800       0x80 c:/maximsdk/tools/gnutools/10.3/bin/../lib/gcc/arm-none-eabi/10.3.1/../../../../arm-none-eabi/lib/thumb/v7e-m+fp/softfp\libc.a(lib_a-vfiprintf.o)
 .text._write_r
                0x10008880       0x2c c:/maximsdk/tools/gnutools/10.3/bin/../lib/gcc/arm-none-eabi/10.3.1/../../../../arm-none-eabi/lib/thumb/v7e-m+fp/softfp\libc.a(lib_a-writer.o)
                0x10008880                _write_r
 .text.__register_exitproc
                0x100088ac       0x8c c:/maximsdk/tools/gnutools/10.3/bin/../lib/gcc/arm-none-eabi/10.3.1/../../../../arm-none-eabi/lib/thumb/v7e-m+fp/softfp\libc.a(lib_a-__atexit.o)
                0x100088ac                __register_exitproc
 .text.__assert_func
                0x10008938       0x40 c:/maximsdk/tools/gnutools/10.3/bin/../lib/gcc/arm-none-eabi/10.3.1/../../../../arm-none-eabi/lib/thumb/v7e-m+fp/softfp\libc.a(lib_a-assert.o)
                0x10008938                __assert_func
 .text._calloc_r
                0x10008978       0x78 c:/maximsdk/tools/gnutools/10.3/bin/../lib/gcc/arm-none-eabi/10.3.1/../../../../arm-none-eabi/lib/thumb/v7e-m+fp/softfp\libc.a(lib_a-callocr.o)
                0x10008978                _calloc_r
 .text._close_r
                0x100089f0       0x24 c:/maximsdk/tools/gnutools/10.3/bin/../lib/gcc/arm-none-eabi/10.3.1/../../../../arm-none-eabi/lib/thumb/v7e-m+fp/softfp\libc.a(lib_a-closer.o)
                0x100089f0                _close_r
 .text._fclose_r
                0x10008a14       0xcc c:/maximsdk/tools/gnutools/10.3/bin/../lib/gcc/arm-none-eabi/10.3.1/../../../../arm-none-eabi/lib/thumb/v7e-m+fp/softfp\libc.a(lib_a-fclose.o)
                0x10008a14                _fclose_r
 .text.fiprintf
                0x10008ae0       0x28 c:/maximsdk/tools/gnutools/10.3/bin/../lib/gcc/arm-none-eabi/10.3.1/../../../../arm-none-eabi/lib/thumb/v7e-m+fp/softfp\libc.a(lib_a-fiprintf.o)
                0x10008ae0                fiprintf
 .text.__fputwc
                0x10008b08       0xa8 c:/maximsdk/tools/gnutools/10.3/bin/../lib/gcc/arm-none-eabi/10.3.1/../../../../arm-none-eabi/lib/thumb/v7e-m+fp/softfp\libc.a(lib_a-fputwc.o)
                0x10008b08                __fputwc
 .text._fputwc_r
                0x10008bb0       0x68 c:/maximsdk/tools/gnutools/10.3/bin/../lib/gcc/arm-none-eabi/10.3.1/../../../../arm-none-eabi/lib/thumb/v7e-m+fp/softfp\libc.a(lib_a-fputwc.o)
                0x10008bb0                _fputwc_r
 .text._fstat_r
                0x10008c18       0x2c c:/maximsdk/tools/gnutools/10.3/bin/../lib/gcc/arm-none-eabi/10.3.1/../../../../arm-none-eabi/lib/thumb/v7e-m+fp/softfp\libc.a(lib_a-fstatr.o)
                0x10008c18                _fstat_r
 .text._isatty_r
                0x10008c44       0x24 c:/maximsdk/tools/gnutools/10.3/bin/../lib/gcc/arm-none-eabi/10.3.1/../../../../arm-none-eabi/lib/thumb/v7e-m+fp/softfp\libc.a(lib_a-isattyr.o)
                0x10008c44                _isatty_r
 .text.__locale_mb_cur_max
                0x10008c68        0xc c:/maximsdk/tools/gnutools/10.3/bin/../lib/gcc/arm-none-eabi/10.3.1/../../../../arm-none-eabi/lib/thumb/v7e-m+fp/softfp\libc.a(lib_a-locale.o)
                0x10008c68                __locale_mb_cur_max
 .text._lseek_r
                0x10008c74       0x2c c:/maximsdk/tools/gnutools/10.3/bin/../lib/gcc/arm-none-eabi/10.3.1/../../../../arm-none-eabi/lib/thumb/v7e-m+fp/softfp\libc.a(lib_a-lseekr.o)
                0x10008c74                _lseek_r
 .text.__ascii_mbtowc
                0x10008ca0       0x2c c:/maximsdk/tools/gnutools/10.3/bin/../lib/gcc/arm-none-eabi/10.3.1/../../../../arm-none-eabi/lib/thumb/v7e-m+fp/softfp\libc.a(lib_a-mbtowc_r.o)
                0x10008ca0                __ascii_mbtowc
 .text._read_r  0x10008ccc       0x2c c:/maximsdk/tools/gnutools/10.3/bin/../lib/gcc/arm-none-eabi/10.3.1/../../../../arm-none-eabi/lib/thumb/v7e-m+fp/softfp\libc.a(lib_a-readr.o)
                0x10008ccc                _read_r
 .text.__swbuf_r
                0x10008cf8       0xb0 c:/maximsdk/tools/gnutools/10.3/bin/../lib/gcc/arm-none-eabi/10.3.1/../../../../arm-none-eabi/lib/thumb/v7e-m+fp/softfp\libc.a(lib_a-wbuf.o)
                0x10008cf8                __swbuf_r
 .text._wcrtomb_r
                0x10008da8       0x3c c:/maximsdk/tools/gnutools/10.3/bin/../lib/gcc/arm-none-eabi/10.3.1/../../../../arm-none-eabi/lib/thumb/v7e-m+fp/softfp\libc.a(lib_a-wcrtomb.o)
                0x10008da8                _wcrtomb_r
 .text.__ascii_wctomb
                0x10008de4       0x1c c:/maximsdk/tools/gnutools/10.3/bin/../lib/gcc/arm-none-eabi/10.3.1/../../../../arm-none-eabi/lib/thumb/v7e-m+fp/softfp\libc.a(lib_a-wctomb_r.o)
                0x10008de4                __ascii_wctomb
 .text.abort    0x10008e00       0x10 c:/maximsdk/tools/gnutools/10.3/bin/../lib/gcc/arm-none-eabi/10.3.1/../../../../arm-none-eabi/lib/thumb/v7e-m+fp/softfp\libc.a(lib_a-abort.o)
                0x10008e00                abort
 .text.raise    0x10008e10       0x5c c:/maximsdk/tools/gnutools/10.3/bin/../lib/gcc/arm-none-eabi/10.3.1/../../../../arm-none-eabi/lib/thumb/v7e-m+fp/softfp\libc.a(lib_a-signal.o)
                0x10008e10                raise
 .text._kill_r  0x10008e6c       0x2c c:/maximsdk/tools/gnutools/10.3/bin/../lib/gcc/arm-none-eabi/10.3.1/../../../../arm-none-eabi/lib/thumb/v7e-m+fp/softfp\libc.a(lib_a-signalr.o)
                0x10008e6c                _kill_r
 .text._getpid_r
                0x10008e98        0x4 c:/maximsdk/tools/gnutools/10.3/bin/../lib/gcc/arm-none-eabi/10.3.1/../../../../arm-none-eabi/lib/thumb/v7e-m+fp/softfp\libc.a(lib_a-signalr.o)
                0x10008e98                _getpid_r
 .text._exit    0x10008e9c        0x4 c:/maximsdk/tools/gnutools/10.3/bin/../lib/gcc/arm-none-eabi/10.3.1/../../../../arm-none-eabi/lib/thumb/v7e-m+fp/softfp\libnosys.a(_exit.o)
                0x10008e9c                _exit
 .text          0x10008ea0      0x378 c:/maximsdk/tools/gnutools/10.3/bin/../lib/gcc/arm-none-eabi/10.3.1/thumb/v7e-m+fp/softfp\libgcc.a(_arm_addsubdf3.o)
                0x10008ea0                __aeabi_drsub
                0x10008ea8                __aeabi_dsub
                0x10008ea8                __subdf3
                0x10008eac                __aeabi_dadd
                0x10008eac                __adddf3
                0x10009124                __floatunsidf
                0x10009124                __aeabi_ui2d
                0x10009144                __floatsidf
                0x10009144                __aeabi_i2d
                0x10009168                __aeabi_f2d
                0x10009168                __extendsfdf2
                0x100091ac                __floatundidf
                0x100091ac                __aeabi_ul2d
                0x100091bc                __floatdidf
                0x100091bc                __aeabi_l2d
 .text          0x10009218      0x424 c:/maximsdk/tools/gnutools/10.3/bin/../lib/gcc/arm-none-eabi/10.3.1/thumb/v7e-m+fp/softfp\libgcc.a(_arm_muldivdf3.o)
                0x10009218                __aeabi_dmul
                0x10009218                __muldf3
                0x1000946c                __divdf3
                0x1000946c                __aeabi_ddiv
 .text          0x1000963c      0x110 c:/maximsdk/tools/gnutools/10.3/bin/../lib/gcc/arm-none-eabi/10.3.1/thumb/v7e-m+fp/softfp\libgcc.a(_arm_cmpdf2.o)
                0x1000963c                __gtdf2
                0x1000963c                __gedf2
                0x10009644                __ltdf2
                0x10009644                __ledf2
                0x1000964c                __nedf2
                0x1000964c                __eqdf2
                0x1000964c                __cmpdf2
                0x100096c8                __aeabi_cdrcmple
                0x100096d8                __aeabi_cdcmpeq
                0x100096d8                __aeabi_cdcmple
                0x100096e8                __aeabi_dcmpeq
                0x100096fc                __aeabi_dcmplt
                0x10009710                __aeabi_dcmple
                0x10009724                __aeabi_dcmpge
                0x10009738                __aeabi_dcmpgt
 .text          0x1000974c       0x2c c:/maximsdk/tools/gnutools/10.3/bin/../lib/gcc/arm-none-eabi/10.3.1/thumb/v7e-m+fp/softfp\libgcc.a(_arm_unorddf2.o)
                0x1000974c                __unorddf2
                0x1000974c                __aeabi_dcmpun
 .text          0x10009778       0x50 c:/maximsdk/tools/gnutools/10.3/bin/../lib/gcc/arm-none-eabi/10.3.1/thumb/v7e-m+fp/softfp\libgcc.a(_arm_fixdfsi.o)
                0x10009778                __aeabi_d2iz
                0x10009778                __fixdfsi
 .text          0x100097c8       0x30 c:/maximsdk/tools/gnutools/10.3/bin/../lib/gcc/arm-none-eabi/10.3.1/thumb/v7e-m+fp/softfp\libgcc.a(_aeabi_uldivmod.o)
                0x100097c8                __aeabi_uldivmod
 .text          0x100097f8      0x2d0 c:/maximsdk/tools/gnutools/10.3/bin/../lib/gcc/arm-none-eabi/10.3.1/thumb/v7e-m+fp/softfp\libgcc.a(_udivmoddi4.o)
                0x100097f8                __udivmoddi4
 .text          0x10009ac8        0x4 c:/maximsdk/tools/gnutools/10.3/bin/../lib/gcc/arm-none-eabi/10.3.1/thumb/v7e-m+fp/softfp\libgcc.a(_dvmd_tls.o)
                0x10009ac8                __aeabi_idiv0
                0x10009ac8                __aeabi_ldiv0
 *(.rodata*)
 .rodata.checkpoint.str1.4
                0x10009acc       0x2b c:/Users/hakim/eclipse-workspace/interrupts/build/main.o
 *fill*         0x10009af7        0x1 
 .rodata.restore.str1.4
                0x10009af8       0x20 c:/Users/hakim/eclipse-workspace/interrupts/build/main.o
 .rodata.enter_deepsleep.str1.4
                0x10009b18       0x53 c:/Users/hakim/eclipse-workspace/interrupts/build/main.o
 *fill*         0x10009b6b        0x1 
 .rodata.enter_backup.str1.4
                0x10009b6c       0x34 c:/Users/hakim/eclipse-workspace/interrupts/build/main.o
 .rodata.switchToSingleCoreMode.str1.4
                0x10009ba0       0x1d c:/Users/hakim/eclipse-workspace/interrupts/build/main.o
 *fill*         0x10009bbd        0x3 
 .rodata.switchToDualCoreMode.str1.4
                0x10009bc0       0x1b c:/Users/hakim/eclipse-workspace/interrupts/build/main.o
 *fill*         0x10009bdb        0x1 
 .rodata.main.str1.4
                0x10009bdc      0x2d1 c:/Users/hakim/eclipse-workspace/interrupts/build/main.o
 *fill*         0x10009ead        0x3 
 .rodata.mxc_assert.str1.4
                0x10009eb0       0x19 c:/Users/hakim/eclipse-workspace/interrupts/build/board.o
 *fill*         0x10009ec9        0x3 
 .rodata.Board_Init.str1.4
                0x10009ecc       0x41 c:/Users/hakim/eclipse-workspace/interrupts/build/board.o
 *fill*         0x10009f0d        0x3 
 .rodata.led_pin
                0x10009f10       0x24 c:/Users/hakim/eclipse-workspace/interrupts/build/board.o
                0x10009f10                led_pin
 .rodata.num_leds
                0x10009f34        0x4 c:/Users/hakim/eclipse-workspace/interrupts/build/board.o
                0x10009f34                num_leds
 .rodata.num_pbs
                0x10009f38        0x4 c:/Users/hakim/eclipse-workspace/interrupts/build/board.o
                0x10009f38                num_pbs
 .rodata.pb_pin
                0x10009f3c        0xc c:/Users/hakim/eclipse-workspace/interrupts/build/board.o
                0x10009f3c                pb_pin
 .rodata.LED_On.str1.4
                0x10009f48       0x3b c:/Users/hakim/eclipse-workspace/interrupts/build/led.o
 *fill*         0x10009f83        0x1 
 .rodata.MXC_UART_RevA_Init.str1.4
                0x10009f84       0x77 C:/MaximSDK/Libraries/PeriphDrivers/bin/MAX32665/spi-v1_softfp/libPeriphDriver_spi-v1_softfp.a(uart_reva.o)
 *fill*         0x10009ffb        0x1 
 .rodata.gpio_cfg_uart0a
                0x10009ffc        0xc C:/MaximSDK/Libraries/PeriphDrivers/bin/MAX32665/spi-v1_softfp/libPeriphDriver_spi-v1_softfp.a(pins_me14.o)
                0x10009ffc                gpio_cfg_uart0a
 .rodata.gpio_cfg_uart0b
                0x1000a008        0xc C:/MaximSDK/Libraries/PeriphDrivers/bin/MAX32665/spi-v1_softfp/libPeriphDriver_spi-v1_softfp.a(pins_me14.o)
                0x1000a008                gpio_cfg_uart0b
 .rodata.gpio_cfg_uart1a
                0x1000a014        0xc C:/MaximSDK/Libraries/PeriphDrivers/bin/MAX32665/spi-v1_softfp/libPeriphDriver_spi-v1_softfp.a(pins_me14.o)
                0x1000a014                gpio_cfg_uart1a
 .rodata.gpio_cfg_uart1b
                0x1000a020        0xc C:/MaximSDK/Libraries/PeriphDrivers/bin/MAX32665/spi-v1_softfp/libPeriphDriver_spi-v1_softfp.a(pins_me14.o)
                0x1000a020                gpio_cfg_uart1b
 .rodata.gpio_cfg_uart2a
                0x1000a02c        0xc C:/MaximSDK/Libraries/PeriphDrivers/bin/MAX32665/spi-v1_softfp/libPeriphDriver_spi-v1_softfp.a(pins_me14.o)
                0x1000a02c                gpio_cfg_uart2a
 .rodata.gpio_cfg_uart2b
                0x1000a038        0xc C:/MaximSDK/Libraries/PeriphDrivers/bin/MAX32665/spi-v1_softfp/libPeriphDriver_spi-v1_softfp.a(pins_me14.o)
                0x1000a038                gpio_cfg_uart2b
 .rodata.MXC_GPIO_Common_Handler.str1.4
                0x1000a044       0x66 C:/MaximSDK/Libraries/PeriphDrivers/bin/MAX32665/spi-v1_softfp/libPeriphDriver_spi-v1_softfp.a(gpio_common.o)
 *fill*         0x1000a0aa        0x2 
 .rodata._global_impure_ptr
                0x1000a0ac        0x4 c:/maximsdk/tools/gnutools/10.3/bin/../lib/gcc/arm-none-eabi/10.3.1/../../../../arm-none-eabi/lib/thumb/v7e-m+fp/softfp\libc.a(lib_a-impure.o)
                0x1000a0ac                _global_impure_ptr
 .rodata._puts_r.str1.4
                0x1000a0b0       0x66 c:/maximsdk/tools/gnutools/10.3/bin/../lib/gcc/arm-none-eabi/10.3.1/../../../../arm-none-eabi/lib/thumb/v7e-m+fp/softfp\libc.a(lib_a-puts.o)
                                  0x2 (size before relaxing)
 .rodata._vfprintf_r.str1.4
                0x1000a0b0       0x42 c:/maximsdk/tools/gnutools/10.3/bin/../lib/gcc/arm-none-eabi/10.3.1/../../../../arm-none-eabi/lib/thumb/v7e-m+fp/softfp\libc.a(lib_a-vfprintf.o)
 *fill*         0x1000a0f2        0x2 
 .rodata.blanks.1
                0x1000a0f4       0x10 c:/maximsdk/tools/gnutools/10.3/bin/../lib/gcc/arm-none-eabi/10.3.1/../../../../arm-none-eabi/lib/thumb/v7e-m+fp/softfp\libc.a(lib_a-vfprintf.o)
 .rodata.zeroes.0
                0x1000a104       0x10 c:/maximsdk/tools/gnutools/10.3/bin/../lib/gcc/arm-none-eabi/10.3.1/../../../../arm-none-eabi/lib/thumb/v7e-m+fp/softfp\libc.a(lib_a-vfprintf.o)
 .rodata._dtoa_r.str1.4
                0x1000a114       0xa2 c:/maximsdk/tools/gnutools/10.3/bin/../lib/gcc/arm-none-eabi/10.3.1/../../../../arm-none-eabi/lib/thumb/v7e-m+fp/softfp\libc.a(lib_a-dtoa.o)
                                 0xa6 (size before relaxing)
 *fill*         0x1000a1b6        0x2 
 .rodata.__multadd.str1.4
                0x1000a1b8       0x7f c:/maximsdk/tools/gnutools/10.3/bin/../lib/gcc/arm-none-eabi/10.3.1/../../../../arm-none-eabi/lib/thumb/v7e-m+fp/softfp\libc.a(lib_a-mprec.o)
                                 0x93 (size before relaxing)
 *fill*         0x1000a237        0x1 
 .rodata.__mprec_bigtens
                0x1000a238       0x28 c:/maximsdk/tools/gnutools/10.3/bin/../lib/gcc/arm-none-eabi/10.3.1/../../../../arm-none-eabi/lib/thumb/v7e-m+fp/softfp\libc.a(lib_a-mprec.o)
                0x1000a238                __mprec_bigtens
 .rodata.__mprec_tens
                0x1000a260       0xc8 c:/maximsdk/tools/gnutools/10.3/bin/../lib/gcc/arm-none-eabi/10.3.1/../../../../arm-none-eabi/lib/thumb/v7e-m+fp/softfp\libc.a(lib_a-mprec.o)
                0x1000a260                __mprec_tens
 .rodata.p05.0  0x1000a328        0xc c:/maximsdk/tools/gnutools/10.3/bin/../lib/gcc/arm-none-eabi/10.3.1/../../../../arm-none-eabi/lib/thumb/v7e-m+fp/softfp\libc.a(lib_a-mprec.o)
 .rodata._vfiprintf_r.str1.4
                0x1000a334       0x2f c:/maximsdk/tools/gnutools/10.3/bin/../lib/gcc/arm-none-eabi/10.3.1/../../../../arm-none-eabi/lib/thumb/v7e-m+fp/softfp\libc.a(lib_a-vfiprintf.o)
 .rodata.blanks.1
                0x1000a334       0x10 c:/maximsdk/tools/gnutools/10.3/bin/../lib/gcc/arm-none-eabi/10.3.1/../../../../arm-none-eabi/lib/thumb/v7e-m+fp/softfp\libc.a(lib_a-vfiprintf.o)
 .rodata.zeroes.0
                0x1000a344       0x10 c:/maximsdk/tools/gnutools/10.3/bin/../lib/gcc/arm-none-eabi/10.3.1/../../../../arm-none-eabi/lib/thumb/v7e-m+fp/softfp\libc.a(lib_a-vfiprintf.o)
 .rodata.__assert_func.str1.4
                0x1000a354       0x3f c:/maximsdk/tools/gnutools/10.3/bin/../lib/gcc/arm-none-eabi/10.3.1/../../../../arm-none-eabi/lib/thumb/v7e-m+fp/softfp\libc.a(lib_a-assert.o)
                                 0x43 (size before relaxing)
 *fill*         0x1000a393        0x1 
 .rodata._setlocale_r.str1.4
                0x1000a394        0xa c:/maximsdk/tools/gnutools/10.3/bin/../lib/gcc/arm-none-eabi/10.3.1/../../../../arm-none-eabi/lib/thumb/v7e-m+fp/softfp\libc.a(lib_a-locale.o)
                                  0xd (size before relaxing)
 .rodata.str1.4
                0x1000a39e        0xa c:/maximsdk/tools/gnutools/10.3/bin/../lib/gcc/arm-none-eabi/10.3.1/../../../../arm-none-eabi/lib/thumb/v7e-m+fp/softfp\libc.a(lib_a-locale.o)
                                  0x2 (size before relaxing)
 *fill*         0x1000a39e        0x2 
 .rodata._ctype_
                0x1000a3a0      0x101 c:/maximsdk/tools/gnutools/10.3/bin/../lib/gcc/arm-none-eabi/10.3.1/../../../../arm-none-eabi/lib/thumb/v7e-m+fp/softfp\libc.a(lib_a-ctype_.o)
                0x1000a3a0                _ctype_
 *(.init)
 *fill*         0x1000a4a1        0x3 
 .init          0x1000a4a4        0x4 c:/maximsdk/tools/gnutools/10.3/bin/../lib/gcc/arm-none-eabi/10.3.1/thumb/v7e-m+fp/softfp/crti.o
                0x1000a4a4                _init
 .init          0x1000a4a8        0x8 c:/maximsdk/tools/gnutools/10.3/bin/../lib/gcc/arm-none-eabi/10.3.1/thumb/v7e-m+fp/softfp/crtn.o
 *(.fini)
 .fini          0x1000a4b0        0x4 c:/maximsdk/tools/gnutools/10.3/bin/../lib/gcc/arm-none-eabi/10.3.1/thumb/v7e-m+fp/softfp/crti.o
                0x1000a4b0                _fini
 .fini          0x1000a4b4        0x8 c:/maximsdk/tools/gnutools/10.3/bin/../lib/gcc/arm-none-eabi/10.3.1/thumb/v7e-m+fp/softfp/crtn.o
 *fill*         0x1000a4bc        0x4 
 .fini.__stub   0x1000a4c0       0x20 linker stubs
 *crtbegin.o(.ctors)
 *crtbegin?.o(.ctors)
 *(EXCLUDE_FILE(*crtend.o *crtend?.o) .ctors)
 *(SORT_BY_NAME(.ctors.*))
 *(.ctors)
 *crtbegin.o(.dtors)
 *crtbegin?.o(.dtors)
 *(EXCLUDE_FILE(*crtend.o *crtend?.o) .dtors)
 *(SORT_BY_NAME(.dtors.*))
 *(.dtors)
 *(.eh_frame*)
 .eh_frame      0x1000a4e0        0x0 c:/maximsdk/tools/gnutools/10.3/bin/../lib/gcc/arm-none-eabi/10.3.1/thumb/v7e-m+fp/softfp/crtbegin.o
 .eh_frame      0x1000a4e0        0x4 c:/maximsdk/tools/gnutools/10.3/bin/../lib/gcc/arm-none-eabi/10.3.1/thumb/v7e-m+fp/softfp/crtend.o
                0x1000a4e4                _etext = .

.glue_7         0x1000a4e4        0x0
 .glue_7        0x1000a4e4        0x0 linker stubs

.glue_7t        0x1000a4e4        0x0
 .glue_7t       0x1000a4e4        0x0 linker stubs

.vfp11_veneer   0x1000a4e4        0x0
 .vfp11_veneer  0x1000a4e4        0x0 linker stubs

.v4_bx          0x1000a4e4        0x0
 .v4_bx         0x1000a4e4        0x0 linker stubs

.iplt           0x1000a4e4        0x0
 .iplt          0x1000a4e4        0x0 c:/maximsdk/tools/gnutools/10.3/bin/../lib/gcc/arm-none-eabi/10.3.1/thumb/v7e-m+fp/softfp/crtbegin.o

.ARM.extab
 *(.ARM.extab* .gnu.linkonce.armextab.*)

.xip_section    0x08000000        0x0 load address 0x1000a4e4
 *(.xip_section*)
                0x1000a4e4                __load_start_xip = LOADADDR (.xip_section)
                0x00000000                __load_length_xip = SIZEOF (.xip_section)

.ARM.exidx      0x1000a4e4        0x8
                0x1000a4e4                __exidx_start = .
 *(.ARM.exidx* .gnu.linkonce.armexidx.*)
 .ARM.exidx     0x1000a4e4        0x8 c:/maximsdk/tools/gnutools/10.3/bin/../lib/gcc/arm-none-eabi/10.3.1/thumb/v7e-m+fp/softfp\libgcc.a(_udivmoddi4.o)
                0x1000a4ec                __exidx_end = .

.rel.dyn        0x1000a4ec        0x0
 .rel.iplt      0x1000a4ec        0x0 c:/maximsdk/tools/gnutools/10.3/bin/../lib/gcc/arm-none-eabi/10.3.1/thumb/v7e-m+fp/softfp/crtbegin.o

.data           0x20000000     0x1e8c load address 0x1000a4ec
                0x20000000                _data = ALIGN (., 0x4)
 *(vtable)
 *(.data*)
 .data.input    0x20000000     0x1000 c:/Users/hakim/eclipse-workspace/interrupts/build/main.o
                0x20000000                input
 .data.kernel   0x20001000       0x10 c:/Users/hakim/eclipse-workspace/interrupts/build/main.o
                0x20001000                kernel
 .data.ConsoleUart
                0x20001010        0x4 c:/Users/hakim/eclipse-workspace/interrupts/build/board.o
                0x20001010                ConsoleUart
 .data.SystemCoreClock
                0x20001014        0x4 c:/Users/hakim/eclipse-workspace/interrupts/build/system_max32665.o
                0x20001014                SystemCoreClock
 .data.overflows
                0x20001018        0x4 C:/MaximSDK/Libraries/PeriphDrivers/bin/MAX32665/spi-v1_softfp/libPeriphDriver_spi-v1_softfp.a(mxc_delay.o)
 .data.flc_int  0x2000101c        0x4 C:/MaximSDK/Libraries/PeriphDrivers/bin/MAX32665/spi-v1_softfp/libPeriphDriver_spi-v1_softfp.a(flc_reva.o)
 .data.states   0x20001020       0x48 C:/MaximSDK/Libraries/PeriphDrivers/bin/MAX32665/spi-v1_softfp/libPeriphDriver_spi-v1_softfp.a(uart_reva.o)
 .data._impure_ptr
                0x20001068        0x4 c:/maximsdk/tools/gnutools/10.3/bin/../lib/gcc/arm-none-eabi/10.3.1/../../../../arm-none-eabi/lib/thumb/v7e-m+fp/softfp\libc.a(lib_a-impure.o)
                0x20001068                _impure_ptr
 *fill*         0x2000106c        0x4 
 .data.impure_data
                0x20001070      0x428 c:/maximsdk/tools/gnutools/10.3/bin/../lib/gcc/arm-none-eabi/10.3.1/../../../../arm-none-eabi/lib/thumb/v7e-m+fp/softfp\libc.a(lib_a-impure.o)
 .data.__malloc_av_
                0x20001498      0x408 c:/maximsdk/tools/gnutools/10.3/bin/../lib/gcc/arm-none-eabi/10.3.1/../../../../arm-none-eabi/lib/thumb/v7e-m+fp/softfp\libc.a(lib_a-mallocr.o)
                0x20001498                __malloc_av_
 .data.__malloc_sbrk_base
                0x200018a0        0x4 c:/maximsdk/tools/gnutools/10.3/bin/../lib/gcc/arm-none-eabi/10.3.1/../../../../arm-none-eabi/lib/thumb/v7e-m+fp/softfp\libc.a(lib_a-mallocr.o)
                0x200018a0                __malloc_sbrk_base
 .data.__malloc_trim_threshold
                0x200018a4        0x4 c:/maximsdk/tools/gnutools/10.3/bin/../lib/gcc/arm-none-eabi/10.3.1/../../../../arm-none-eabi/lib/thumb/v7e-m+fp/softfp\libc.a(lib_a-mallocr.o)
                0x200018a4                __malloc_trim_threshold
 .data.__atexit_recursive_mutex
                0x200018a8        0x4 c:/maximsdk/tools/gnutools/10.3/bin/../lib/gcc/arm-none-eabi/10.3.1/../../../../arm-none-eabi/lib/thumb/v7e-m+fp/softfp\libc.a(lib_a-__call_atexit.o)
                0x200018a8                __atexit_recursive_mutex
 .data.__global_locale
                0x200018ac      0x16c c:/maximsdk/tools/gnutools/10.3/bin/../lib/gcc/arm-none-eabi/10.3.1/../../../../arm-none-eabi/lib/thumb/v7e-m+fp/softfp\libc.a(lib_a-locale.o)
                0x200018ac                __global_locale
 *(.spix_config*)
 *(.flashprog*)
 .flashprog     0x20001a18       0x90 C:/MaximSDK/Libraries/PeriphDrivers/bin/MAX32665/spi-v1_softfp/libPeriphDriver_spi-v1_softfp.a(flc_me14.o)
                0x20001a18                MXC_FLC_Busy
                0x20001a20                MXC_FLC_PageErase
                0x20001a5c                MXC_FLC_Write128
 .flashprog     0x20001aa8      0x29c C:/MaximSDK/Libraries/PeriphDrivers/bin/MAX32665/spi-v1_softfp/libPeriphDriver_spi-v1_softfp.a(flc_reva.o)
                0x20001af4                MXC_FLC_RevA_Busy
                0x20001b28                MXC_FLC_RevA_MassErase
                0x20001b76                MXC_FLC_RevA_PageErase
                0x20001bc8                MXC_FLC_RevA_Write32
                0x20001c40                MXC_FLC_RevA_Write32Using128
                0x20001cce                MXC_FLC_RevA_Write128
 .flashprog     0x20001d44      0x110 C:/MaximSDK/Libraries/PeriphDrivers/bin/MAX32665/spi-v1_softfp/libPeriphDriver_spi-v1_softfp.a(flc_common.o)
                0x20001d44                MXC_FLC_Com_VerifyData
                0x20001d74                MXC_FLC_Com_Write
                0x20001e46                MXC_FLC_Com_Read
 *fill*         0x20001e54        0x4 
 .flashprog.__stub
                0x20001e58       0x28 linker stubs
                0x20001e80                . = ALIGN (0x4)
                0x20001e80                PROVIDE (__preinit_array_start = .)
 *(.preinit_array)
                0x20001e80                PROVIDE (__preinit_array_end = .)
                0x20001e80                . = ALIGN (0x4)
                0x20001e80                PROVIDE (__init_array_start = .)
 *(SORT_BY_NAME(.init_array.*))
 .init_array.00000
                0x20001e80        0x4 c:/maximsdk/tools/gnutools/10.3/bin/../lib/gcc/arm-none-eabi/10.3.1/../../../../arm-none-eabi/lib/thumb/v7e-m+fp/softfp\libc.a(lib_a-__call_atexit.o)
 *(.init_array)
 .init_array    0x20001e84        0x4 c:/maximsdk/tools/gnutools/10.3/bin/../lib/gcc/arm-none-eabi/10.3.1/thumb/v7e-m+fp/softfp/crtbegin.o
                0x20001e88                PROVIDE (__init_array_end = .)
                0x20001e88                . = ALIGN (0x4)
                0x20001e88                PROVIDE (__fini_array_start = .)
 *(SORT_BY_NAME(.fini_array.*))
 *(.fini_array)
 .fini_array    0x20001e88        0x4 c:/maximsdk/tools/gnutools/10.3/bin/../lib/gcc/arm-none-eabi/10.3.1/thumb/v7e-m+fp/softfp/crtbegin.o
                0x20001e8c                PROVIDE (__fini_array_end = .)
                0x20001e8c                _edata = ALIGN (., 0x4)
                0x1000a4ec                __load_data = LOADADDR (.data)

.igot.plt       0x20001e8c        0x0 load address 0x1000c378
 .igot.plt      0x20001e8c        0x0 c:/maximsdk/tools/gnutools/10.3/bin/../lib/gcc/arm-none-eabi/10.3.1/thumb/v7e-m+fp/softfp/crtbegin.o

.pal_nvm_db     0x10100000        0x0
                0x10100000                . = ALIGN (0x2000)
                0x10100000                __pal_nvm_db_start__ = .
                0x10100000                . = (. + _PAL_NVM_SIZE)
                0x10100000                __pal_nvm_db_end__ = .

.otp            0x20000000        0x0
                0x20000000                _otp = ALIGN (., 0x4)
 *(.otp*)
                0x20000000                _eotp = ALIGN (., 0x4)

.arm_shared     0x20000000        0x0
                0x20000000                _arm_shared = ALIGN (., 0x4)
 *(.arm_shared*)
                0x20000000                _earm_shared = ALIGN (., 0x4)

.sdma_shared    0x20000000        0x0
                0x20000000                _sdma_shared = ALIGN (., 0x4)
 *(.sdma_shared*)
                0x20000000                _esdma_shared = ALIGN (., 0x4)

.sdma_code      0x20000000        0x0 load address 0x1000c378
                0x20000000                _sdma_code = ALIGN (., 0x4)
 *(.sdma_code*)
                0x20000000                _esdma_code = ALIGN (., 0x4)
                0x1000c378                __load_sdma_code = LOADADDR (.sdma_code)

.sdma_data      0x20000000        0x0 load address 0x1000c378
                0x20000000                _sdma_data = ALIGN (., 0x4)
 *(.sdma_data*)
                0x20000000                _esdma_data = ALIGN (., 0x4)
                0x1000c378                __load_sdma_data = LOADADDR (.sdma_data)

.bss            0x20002000     0x2420
                0x20002000                . = ALIGN (0x4)
                0x20002000                _bss = .
 *(.bss*)
 .bss           0x20002000       0x1c c:/maximsdk/tools/gnutools/10.3/bin/../lib/gcc/arm-none-eabi/10.3.1/thumb/v7e-m+fp/softfp/crtbegin.o
 .bss.adaptive_mode
                0x2000201c        0x4 c:/Users/hakim/eclipse-workspace/interrupts/build/main.o
                0x2000201c                adaptive_mode
 .bss.after_restore
                0x20002020        0x4 c:/Users/hakim/eclipse-workspace/interrupts/build/main.o
                0x20002020                after_restore
 .bss.backupData
                0x20002024        0x8 c:/Users/hakim/eclipse-workspace/interrupts/build/main.o
                0x20002024                backupData
 .bss.backup_mode
                0x2000202c        0x4 c:/Users/hakim/eclipse-workspace/interrupts/build/main.o
                0x2000202c                backup_mode
 .bss.buttonPressed
                0x20002030        0x4 c:/Users/hakim/eclipse-workspace/interrupts/build/main.o
                0x20002030                buttonPressed
 .bss.isr_cnt   0x20002034        0x4 c:/Users/hakim/eclipse-workspace/interrupts/build/main.o
                0x20002034                isr_cnt
 .bss.isr_flags
                0x20002038        0x4 c:/Users/hakim/eclipse-workspace/interrupts/build/main.o
                0x20002038                isr_flags
 .bss.mode      0x2000203c        0x1 c:/Users/hakim/eclipse-workspace/interrupts/build/main.o
                0x2000203c                mode
 *fill*         0x2000203d        0x3 
 .bss.output    0x20002040     0x1e08 c:/Users/hakim/eclipse-workspace/interrupts/build/main.o
                0x20002040                output
 .bss.pheromone
                0x20003e48        0x2 c:/Users/hakim/eclipse-workspace/interrupts/build/main.o
                0x20003e48                pheromone
 *fill*         0x20003e4a        0x2 
 .bss.pow_fails
                0x20003e4c        0x4 c:/Users/hakim/eclipse-workspace/interrupts/build/main.o
                0x20003e4c                pow_fails
 .bss.sleep_mode
                0x20003e50        0x4 c:/Users/hakim/eclipse-workspace/interrupts/build/main.o
                0x20003e50                sleep_mode
 .bss.g_pb_polarity
                0x20003e54        0x4 c:/Users/hakim/eclipse-workspace/interrupts/build/pb.o
 .bss.heap_end  0x20003e58        0x4 c:/Users/hakim/eclipse-workspace/interrupts/build/heap.o
 .bss.cbFunc    0x20003e5c        0x4 C:/MaximSDK/Libraries/PeriphDrivers/bin/MAX32665/spi-v1_softfp/libPeriphDriver_spi-v1_softfp.a(mxc_delay.o)
 .bss.ctrl_save
                0x20003e60        0x4 C:/MaximSDK/Libraries/PeriphDrivers/bin/MAX32665/spi-v1_softfp/libPeriphDriver_spi-v1_softfp.a(mxc_delay.o)
 .bss.endtick   0x20003e64        0x4 C:/MaximSDK/Libraries/PeriphDrivers/bin/MAX32665/spi-v1_softfp/libPeriphDriver_spi-v1_softfp.a(mxc_delay.o)
 *fill*         0x20003e68      0x198 
 .bss.ramVectorTable
                0x20004000      0x1bc C:/MaximSDK/Libraries/PeriphDrivers/bin/MAX32665/spi-v1_softfp/libPeriphDriver_spi-v1_softfp.a(nvic_table.o)
 .bss.clkcn_state
                0x200041bc        0x4 C:/MaximSDK/Libraries/PeriphDrivers/bin/MAX32665/spi-v1_softfp/libPeriphDriver_spi-v1_softfp.a(lp_me14.o)
                0x200041bc                clkcn_state
 .bss.icc0_state
                0x200041c0        0x4 C:/MaximSDK/Libraries/PeriphDrivers/bin/MAX32665/spi-v1_softfp/libPeriphDriver_spi-v1_softfp.a(lp_me14.o)
                0x200041c0                icc0_state
 .bss.icc1_state
                0x200041c4        0x4 C:/MaximSDK/Libraries/PeriphDrivers/bin/MAX32665/spi-v1_softfp/libPeriphDriver_spi-v1_softfp.a(lp_me14.o)
                0x200041c4                icc1_state
 .bss.TxAsyncRequests
                0x200041c8        0xc C:/MaximSDK/Libraries/PeriphDrivers/bin/MAX32665/spi-v1_softfp/libPeriphDriver_spi-v1_softfp.a(uart_reva.o)
 .bss.callback  0x200041d4      0x100 C:/MaximSDK/Libraries/PeriphDrivers/bin/MAX32665/spi-v1_softfp/libPeriphDriver_spi-v1_softfp.a(gpio_common.o)
 .bss.cbparam   0x200042d4      0x100 C:/MaximSDK/Libraries/PeriphDrivers/bin/MAX32665/spi-v1_softfp/libPeriphDriver_spi-v1_softfp.a(gpio_common.o)
 .bss.cfg_lock  0x200043d4        0x1 C:/MaximSDK/Libraries/PeriphDrivers/bin/MAX32665/spi-v1_softfp/libPeriphDriver_spi-v1_softfp.a(gpio_common.o)
 *fill*         0x200043d5        0x3 
 .bss.__malloc_current_mallinfo
                0x200043d8       0x28 c:/maximsdk/tools/gnutools/10.3/bin/../lib/gcc/arm-none-eabi/10.3.1/../../../../arm-none-eabi/lib/thumb/v7e-m+fp/softfp\libc.a(lib_a-mallocr.o)
                0x200043d8                __malloc_current_mallinfo
 .bss.__malloc_max_sbrked_mem
                0x20004400        0x4 c:/maximsdk/tools/gnutools/10.3/bin/../lib/gcc/arm-none-eabi/10.3.1/../../../../arm-none-eabi/lib/thumb/v7e-m+fp/softfp\libc.a(lib_a-mallocr.o)
                0x20004400                __malloc_max_sbrked_mem
 .bss.__malloc_max_total_mem
                0x20004404        0x4 c:/maximsdk/tools/gnutools/10.3/bin/../lib/gcc/arm-none-eabi/10.3.1/../../../../arm-none-eabi/lib/thumb/v7e-m+fp/softfp\libc.a(lib_a-mallocr.o)
                0x20004404                __malloc_max_total_mem
 .bss.__malloc_top_pad
                0x20004408        0x4 c:/maximsdk/tools/gnutools/10.3/bin/../lib/gcc/arm-none-eabi/10.3.1/../../../../arm-none-eabi/lib/thumb/v7e-m+fp/softfp\libc.a(lib_a-mallocr.o)
                0x20004408                __malloc_top_pad
 .bss.__lock___atexit_recursive_mutex
                0x2000440c        0x1 c:/maximsdk/tools/gnutools/10.3/bin/../lib/gcc/arm-none-eabi/10.3.1/../../../../arm-none-eabi/lib/thumb/v7e-m+fp/softfp\libc.a(lib_a-lock.o)
                0x2000440c                __lock___atexit_recursive_mutex
 *fill*         0x2000440d        0x3 
 .bss.__lock___malloc_recursive_mutex
                0x20004410        0x1 c:/maximsdk/tools/gnutools/10.3/bin/../lib/gcc/arm-none-eabi/10.3.1/../../../../arm-none-eabi/lib/thumb/v7e-m+fp/softfp\libc.a(lib_a-lock.o)
                0x20004410                __lock___malloc_recursive_mutex
 *fill*         0x20004411        0x3 
 .bss.__lock___sfp_recursive_mutex
                0x20004414        0x1 c:/maximsdk/tools/gnutools/10.3/bin/../lib/gcc/arm-none-eabi/10.3.1/../../../../arm-none-eabi/lib/thumb/v7e-m+fp/softfp\libc.a(lib_a-lock.o)
                0x20004414                __lock___sfp_recursive_mutex
 *fill*         0x20004415        0x3 
 .bss.__lock___sinit_recursive_mutex
                0x20004418        0x1 c:/maximsdk/tools/gnutools/10.3/bin/../lib/gcc/arm-none-eabi/10.3.1/../../../../arm-none-eabi/lib/thumb/v7e-m+fp/softfp\libc.a(lib_a-lock.o)
                0x20004418                __lock___sinit_recursive_mutex
 *fill*         0x20004419        0x3 
 .bss.errno     0x2000441c        0x4 c:/maximsdk/tools/gnutools/10.3/bin/../lib/gcc/arm-none-eabi/10.3.1/../../../../arm-none-eabi/lib/thumb/v7e-m+fp/softfp\libc.a(lib_a-reent.o)
                0x2000441c                errno
 *(COMMON)
                0x20004420                _ebss = ALIGN (., 0x4)
                0x2008c000                __StackTop_Core1 = (ORIGIN (SRAM) + LENGTH (SRAM))
                0x2008c000                __StackLimit_Core1 = DEFINED (Stack_Size_Core1)?(__StackTop_Core1 - Stack_Size_Core1):__StackTop_Core1
                0x2008c000                __StackTop = DEFINED (Stack_Size_Core1)?__StackLimit_Core1:(ORIGIN (SRAM) + LENGTH (SRAM))
                0x2008b000                __StackLimit = (__StackTop - Stack_Size)

.heap           0x20004420      0xc00
                0x20004420                . = ALIGN (0x4)
 *(.heap*)
 .heap          0x20004420      0xc00 c:/Users/hakim/eclipse-workspace/interrupts/build/startup_max32665.o
                0x20004420                __HeapBase
                0x2008b000                __HeapLimit = ABSOLUTE (__StackLimit)
                0x2008c000                PROVIDE (__stack = __StackTop)
                0x00000001                ASSERT ((__StackLimit >= _ebss), region RAM overflowed with stack)
OUTPUT(c:/Users/hakim/eclipse-workspace/interrupts/build/interrupts.elf elf32-littlearm)
LOAD linker stubs

.ARM.attributes
                0x00000000       0x2e
 .ARM.attributes
                0x00000000       0x1e c:/maximsdk/tools/gnutools/10.3/bin/../lib/gcc/arm-none-eabi/10.3.1/thumb/v7e-m+fp/softfp/crti.o
 .ARM.attributes
                0x0000001e       0x32 c:/maximsdk/tools/gnutools/10.3/bin/../lib/gcc/arm-none-eabi/10.3.1/thumb/v7e-m+fp/softfp/crtbegin.o
 .ARM.attributes
                0x00000050       0x32 c:/Users/hakim/eclipse-workspace/interrupts/build/main.o
 .ARM.attributes
                0x00000082       0x32 c:/Users/hakim/eclipse-workspace/interrupts/build/board.o
 .ARM.attributes
                0x000000b4       0x32 c:/Users/hakim/eclipse-workspace/interrupts/build/stdio.o
 .ARM.attributes
                0x000000e6       0x32 c:/Users/hakim/eclipse-workspace/interrupts/build/led.o
 .ARM.attributes
                0x00000118       0x32 c:/Users/hakim/eclipse-workspace/interrupts/build/pb.o
 .ARM.attributes
                0x0000014a       0x1b c:/Users/hakim/eclipse-workspace/interrupts/build/startup_max32665.o
 .ARM.attributes